Archive member included to satisfy reference by file (symbol)

BSP//newlib/nios2-elf/lib\libc.a(lib_a-memcpy.o)
                              obj/default/PS2_interrupt.o (memcpy)
BSP//newlib/nios2-elf/lib\libc.a(lib_a-rand.o)
                              obj/default/PS2_interrupt.o (rand)
BSP//newlib/nios2-elf/lib\libc.a(lib_a-impure.o)
                              BSP//newlib/nios2-elf/lib\libc.a(lib_a-rand.o) (_impure_ptr)
BSP/\libhal_bsp.a(alt_irq_register.o)
                              obj/default/PS2_interrupt.o (alt_irq_register)
BSP/\libhal_bsp.a(alt_irq_vars.o)
                              obj/default/PS2_interrupt.o (alt_irq_active)
BSP/\libhal_bsp.a(alt_load.o)
                              BSP//obj/HAL/src/crt0.o (alt_load)
BSP/\libhal_bsp.a(alt_main.o)
                              BSP//obj/HAL/src/crt0.o (alt_main)
BSP/\libhal_bsp.a(alt_printf.o)
                              obj/default/PS2_interrupt.o (alt_printf)
BSP/\libhal_bsp.a(alt_putchar.o)
                              BSP/\libhal_bsp.a(alt_printf.o) (alt_putchar)
BSP/\libhal_bsp.a(alt_sys_init.o)
                              BSP/\libhal_bsp.a(alt_main.o) (alt_irq_init)
BSP/\libhal_bsp.a(altera_avalon_jtag_uart_fd.o)
                              BSP/\libhal_bsp.a(alt_sys_init.o) (altera_avalon_jtag_uart_read_fd)
BSP/\libhal_bsp.a(altera_avalon_jtag_uart_init.o)
                              BSP/\libhal_bsp.a(alt_sys_init.o) (altera_avalon_jtag_uart_init)
BSP/\libhal_bsp.a(altera_avalon_jtag_uart_ioctl.o)
                              BSP/\libhal_bsp.a(altera_avalon_jtag_uart_fd.o) (altera_avalon_jtag_uart_ioctl)
BSP/\libhal_bsp.a(altera_avalon_jtag_uart_read.o)
                              BSP/\libhal_bsp.a(altera_avalon_jtag_uart_fd.o) (altera_avalon_jtag_uart_read)
BSP/\libhal_bsp.a(altera_avalon_jtag_uart_write.o)
                              BSP/\libhal_bsp.a(altera_avalon_jtag_uart_fd.o) (altera_avalon_jtag_uart_write)
BSP/\libhal_bsp.a(altera_avalon_timer_sc.o)
                              BSP/\libhal_bsp.a(alt_sys_init.o) (alt_avalon_timer_sc_init)
BSP/\libhal_bsp.a(altera_up_avalon_audio.o)
                              obj/default/PS2_interrupt.o (alt_up_audio_open_dev)
BSP/\libhal_bsp.a(altera_up_avalon_ps2.o)
                              BSP/\libhal_bsp.a(alt_sys_init.o) (alt_up_ps2_init)
BSP/\libhal_bsp.a(altera_up_avalon_video_dma_controller.o)
                              obj/default/PS2_interrupt.o (alt_up_video_dma_open_dev)
BSP/\libhal_bsp.a(alt_alarm_start.o)
                              BSP/\libhal_bsp.a(altera_avalon_jtag_uart_init.o) (alt_alarm_start)
BSP/\libhal_bsp.a(alt_close.o)
                              BSP/\libhal_bsp.a(alt_main.o) (close)
BSP/\libhal_bsp.a(alt_dcache_flush_all.o)
                              BSP/\libhal_bsp.a(alt_load.o) (alt_dcache_flush_all)
BSP/\libhal_bsp.a(alt_dev.o)  BSP/\libhal_bsp.a(alt_sys_init.o) (alt_dev_list)
BSP/\libhal_bsp.a(alt_dev_llist_insert.o)
                              BSP/\libhal_bsp.a(alt_sys_init.o) (alt_dev_llist_insert)
BSP/\libhal_bsp.a(alt_do_ctors.o)
                              BSP/\libhal_bsp.a(alt_main.o) (_do_ctors)
BSP/\libhal_bsp.a(alt_do_dtors.o)
                              BSP/\libhal_bsp.a(alt_main.o) (_do_dtors)
BSP/\libhal_bsp.a(alt_errno.o)
                              BSP/\libhal_bsp.a(alt_close.o) (alt_errno)
BSP/\libhal_bsp.a(alt_find_dev.o)
                              BSP/\libhal_bsp.a(altera_up_avalon_audio.o) (alt_find_dev)
BSP/\libhal_bsp.a(alt_icache_flush_all.o)
                              BSP/\libhal_bsp.a(alt_load.o) (alt_icache_flush_all)
BSP/\libhal_bsp.a(alt_io_redirect.o)
                              BSP/\libhal_bsp.a(alt_main.o) (alt_io_redirect)
BSP/\libhal_bsp.a(alt_irq_entry.o)
                              BSP/\libhal_bsp.a(alt_irq_register.o) (alt_irq_entry)
BSP/\libhal_bsp.a(alt_irq_handler.o)
                              BSP/\libhal_bsp.a(alt_irq_register.o) (alt_irq)
BSP/\libhal_bsp.a(alt_open.o)
                              BSP/\libhal_bsp.a(alt_io_redirect.o) (open)
BSP/\libhal_bsp.a(alt_release_fd.o)
                              BSP/\libhal_bsp.a(alt_close.o) (alt_release_fd)
BSP/\libhal_bsp.a(alt_tick.o)
                              BSP/\libhal_bsp.a(altera_avalon_jtag_uart_init.o) (_alt_tick_rate)
BSP/\libhal_bsp.a(altera_nios2_gen2_irq.o)
                              BSP/\libhal_bsp.a(alt_sys_init.o) (altera_nios2_gen2_irq_init)
BSP/\libhal_bsp.a(alt_exception_entry.o)
                              BSP/\libhal_bsp.a(alt_irq_entry.o) (alt_exception)
BSP/\libhal_bsp.a(alt_find_file.o)
                              BSP/\libhal_bsp.a(alt_open.o) (alt_find_file)
BSP/\libhal_bsp.a(alt_get_fd.o)
                              BSP/\libhal_bsp.a(alt_open.o) (alt_get_fd)
BSP/\libhal_bsp.a(alt_icache_flush.o)
                              BSP/\libhal_bsp.a(alt_icache_flush_all.o) (alt_icache_flush)
[...]
Memory Configuration

Name             Origin             Length             Attributes
reset            0x0000000000000000 0x0000000000000020
SDRAM            0x0000000000000020 0x0000000003ffffe0
Onchip_SRAM      0x0000000008000000 0x0000000000040000
VGA_Subsystem_Char_Buf_Subsystem_Onchip_SRAM 0x0000000009000000 0x0000000000002000
*default*        0x0000000000000000 0xffffffffffffffff

Linker script and memory map

LOAD BSP//obj/HAL/src/crt0.o
LOAD obj/default/PS2_ISR.o
LOAD obj/default/PS2_interrupt.o
LOAD obj/default/audio_ISR.o
LOAD obj/default/globals.o
LOAD obj/default/interval_timer_ISR.o
LOAD obj/default/physics.o
LOAD d:/quartus/nios2eds/bin/gnu/h-x86_64-mingw32/bin/../lib/gcc/nios2-elf/5.3.0/../../../../../H-x86_64-mingw32/nios2-elf/lib/mhw-mulx\libstdc++.a
LOAD BSP//newlib/nios2-elf/lib\libm.a
LOAD d:/quartus/nios2eds/bin/gnu/h-x86_64-mingw32/bin/../lib/gcc/nios2-elf/5.3.0/mhw-mulx\libgcc.a
START GROUP
LOAD BSP//newlib/nios2-elf/lib\libc.a
LOAD d:/quartus/nios2eds/bin/gnu/h-x86_64-mingw32/bin/../lib/gcc/nios2-elf/5.3.0/mhw-mulx\libgcc.a
LOAD BSP/\libhal_bsp.a
LOAD BSP//newlib/nios2-elf/lib\libm.a
END GROUP
LOAD d:/quartus/nios2eds/bin/gnu/h-x86_64-mingw32/bin/../lib/gcc/nios2-elf/5.3.0/mhw-mulx\libgcc.a
                0x0000000000000000                __alt_mem_SDRAM = 0x0
                0x0000000008000000                __alt_mem_Onchip_SRAM = 0x8000000
                0x0000000009000000                __alt_mem_VGA_Subsystem_Char_Buf_Subsystem_Onchip_SRAM = 0x9000000

.entry          0x0000000000000000       0x20
 *(.entry)
 .entry         0x0000000000000000       0x20 BSP//obj/HAL/src/crt0.o
                0x0000000000000000                __reset

.exceptions     0x0000000000000020      0x228
                0x0000000000000020                PROVIDE (__ram_exceptions_start, ABSOLUTE (.))
                0x0000000000000020                . = ALIGN (0x20)
 *(.irq)
 *(.exceptions.entry.label)
 .exceptions.entry.label
                0x0000000000000020        0x0 BSP/\libhal_bsp.a(alt_irq_entry.o)
                0x0000000000000020                alt_irq_entry
 .exceptions.entry.label
                0x0000000000000020        0x0 BSP/\libhal_bsp.a(alt_exception_entry.o)
                0x0000000000000020                alt_exception
 *(.exceptions.entry.user)
 *(.exceptions.entry.ecc_fatal)
 *(.exceptions.entry)
 .exceptions.entry
                0x0000000000000020       0x54 BSP/\libhal_bsp.a(alt_exception_entry.o)
 *(.exceptions.irqtest.user)
 *(.exceptions.irqtest)
 .exceptions.irqtest
                0x0000000000000074       0x10 BSP/\libhal_bsp.a(alt_irq_entry.o)
 *(.exceptions.irqhandler.user)
 *(.exceptions.irqhandler)
 .exceptions.irqhandler
                0x0000000000000084        0x4 BSP/\libhal_bsp.a(alt_irq_entry.o)
 *(.exceptions.irqreturn.user)
 *(.exceptions.irqreturn)
 .exceptions.irqreturn
                0x0000000000000088        0x4 BSP/\libhal_bsp.a(alt_irq_entry.o)
 *(.exceptions.notirq.label)
 .exceptions.notirq.label
                0x000000000000008c        0x0 BSP/\libhal_bsp.a(alt_irq_entry.o)
 *(.exceptions.notirq.user)
 *(.exceptions.notirq)
 .exceptions.notirq
                0x000000000000008c        0x8 BSP/\libhal_bsp.a(alt_exception_entry.o)
 *(.exceptions.soft.user)
 *(.exceptions.soft)
 *(.exceptions.unknown.user)
 *(.exceptions.unknown)
 .exceptions.unknown
                0x0000000000000094       0x14 BSP/\libhal_bsp.a(alt_exception_entry.o)
 *(.exceptions.exit.label)
 .exceptions.exit.label
                0x00000000000000a8        0x0 BSP/\libhal_bsp.a(alt_irq_entry.o)
 .exceptions.exit.label
                0x00000000000000a8        0x0 BSP/\libhal_bsp.a(alt_exception_entry.o)
 *(.exceptions.exit.user)
 *(.exceptions.exit)
 .exceptions.exit
                0x00000000000000a8       0x54 BSP/\libhal_bsp.a(alt_exception_entry.o)
 *(.exceptions)
 .exceptions    0x00000000000000fc       0xd8 BSP/\libhal_bsp.a(alt_irq_handler.o)
                0x00000000000000fc                alt_irq_handler
 .exceptions    0x00000000000001d4       0x74 BSP/\libhal_bsp.a(alt_instruction_exception_entry.o)
                0x00000000000001d4                alt_instruction_exception_entry
                0x0000000000000248                PROVIDE (__ram_exceptions_end, ABSOLUTE (.))
                0x0000000000000020                PROVIDE (__flash_exceptions_start, LOADADDR (.exceptions))

.text           0x0000000000000248     0xd894
                [!provide]                        PROVIDE (stext, ABSOLUTE (.))
 *(.interp)
 *(.hash)
 *(.dynsym)
 *(.dynstr)
 *(.gnu.version)
 *(.gnu.version_d)
 *(.gnu.version_r)
 *(.rel.init)
 *(.rela.init)
 *(.rel.text .rel.text.* .rel.gnu.linkonce.t.*)
 *(.rela.text .rela.text.* .rela.gnu.linkonce.t.*)
 *(.rel.fini)
 *(.rela.fini)
 *(.rel.rodata .rel.rodata.* .rel.gnu.linkonce.r.*)
 *(.rela.rodata .rela.rodata.* .rela.gnu.linkonce.r.*)
 *(.rel.data .rel.data.* .rel.gnu.linkonce.d.*)
 *(.rela.data .rela.data.* .rela.gnu.linkonce.d.*)
 *(.rel.tdata .rel.tdata.* .rel.gnu.linkonce.td.*)
 *(.rela.tdata .rela.tdata.* .rela.gnu.linkonce.td.*)
 *(.rel.tbss .rel.tbss.* .rel.gnu.linkonce.tb.*)
 *(.rela.tbss .rela.tbss.* .rela.gnu.linkonce.tb.*)
 *(.rel.ctors)
 *(.rela.ctors)
 *(.rel.dtors)
 *(.rela.dtors)
 *(.rel.got)
 *(.rela.got)
 *(.rel.sdata .rel.sdata.* .rel.gnu.linkonce.s.*)
 *(.rela.sdata .rela.sdata.* .rela.gnu.linkonce.s.*)
 *(.rel.sbss .rel.sbss.* .rel.gnu.linkonce.sb.*)
 *(.rela.sbss .rela.sbss.* .rela.gnu.linkonce.sb.*)
 *(.rel.sdata2 .rel.sdata2.* .rel.gnu.linkonce.s2.*)
 *(.rela.sdata2 .rela.sdata2.* .rela.gnu.linkonce.s2.*)
 *(.rel.sbss2 .rel.sbss2.* .rel.gnu.linkonce.sb2.*)
 *(.rela.sbss2 .rela.sbss2.* .rela.gnu.linkonce.sb2.*)
 *(.rel.bss .rel.bss.* .rel.gnu.linkonce.b.*)
 *(.rela.bss .rela.bss.* .rela.gnu.linkonce.b.*)
 *(.rel.plt)
 *(.rela.plt)
 *(.rel.dyn)
 *(.init)
 *(.plt)
 *(.text .stub .text.* .gnu.linkonce.t.*)
 .text          0x0000000000000248       0x3c BSP//obj/HAL/src/crt0.o
                0x0000000000000248                _start
 .text          0x0000000000000284      0x238 obj/default/PS2_ISR.o
                0x0000000000000284                PS2_ISR
 .text          0x00000000000004bc     0x4a18 obj/default/PS2_interrupt.o
                0x00000000000004bc                main
                0x0000000000002a44                clearChaser
                0x0000000000002ac8                dispScore
                0x0000000000002bdc                dissolveEffect
                0x0000000000002ca0                charDissolveEffect
                0x0000000000002d7c                drawSplash
                0x0000000000002e48                binRandS
                0x0000000000003044                charRandS
                0x0000000000003238                fadeBGM
                0x00000000000033d0                copyPoint
                0x0000000000003410                drawCursor
                0x0000000000003498                restoreSplash
                0x000000000000360c                moveMouse
                0x00000000000037dc                openPS2Device
                0x00000000000038ac                openAudioDevice
                0x0000000000003934                resampleColours
                0x0000000000003c08                openPixelDMA
                0x0000000000003c78                openCharDMA
                0x0000000000003ce8                assignPixelBuffers
                0x0000000000003d50                assignCharBuffers
                0x0000000000003dc4                initSplash
                0x0000000000003e30                initMouse
                0x0000000000003ed0                clickedInArea
                0x0000000000003f38                displayInstructionsScreen
                0x000000000000415c                resolve_collisions_dynamic
                0x00000000000043b4                update_gravity
                0x0000000000004420                check_bounds
                0x0000000000004660                update_dynamic
                0x000000000000479c                accelerate_dynamic
                0x00000000000047f8                set_new_velocity_dynamic
                0x0000000000004868                add_velocity_dynamic
                0x00000000000048d8                get_vel_x
                0x0000000000004920                get_vel_y
                0x0000000000004968                update_all
                0x0000000000004ac0                check_stopped
                0x0000000000004b74                check_game_status
                0x0000000000004cc0                capture_ball
                0x0000000000004d90                reset_circles
                0x0000000000004e24                randomize_position
 .text          0x0000000000004ed4      0x12c obj/default/audio_ISR.o
                0x0000000000004ed4                audio_ISR
 .text          0x0000000000005000        0x0 obj/default/globals.o
 .text          0x0000000000005000      0x250 obj/default/interval_timer_ISR.o
                0x0000000000005000                interval_timer_ISR
 .text          0x0000000000005250        0x0 obj/default/physics.o
 .text          0x0000000000005250        0x0 BSP//newlib/nios2-elf/lib\libc.a(lib_a-memcpy.o)
 .text.memcpy   0x0000000000005250      0x188 BSP//newlib/nios2-elf/lib\libc.a(lib_a-memcpy.o)
                0x0000000000005250                memcpy
 .text          0x00000000000053d8        0x0 BSP//newlib/nios2-elf/lib\libc.a(lib_a-rand.o)
 .text.srand    0x00000000000053d8       0x44 BSP//newlib/nios2-elf/lib\libc.a(lib_a-rand.o)
                0x00000000000053d8                srand
 .text.rand     0x000000000000541c       0xc0 BSP//newlib/nios2-elf/lib\libc.a(lib_a-rand.o)
                0x000000000000541c                rand
 .text          0x00000000000054dc        0x0 BSP//newlib/nios2-elf/lib\libc.a(lib_a-impure.o)
 .text          0x00000000000054dc      0x180 BSP/\libhal_bsp.a(alt_irq_register.o)
                0x00000000000054dc                alt_irq_register
 .text          0x000000000000565c        0x0 BSP/\libhal_bsp.a(alt_irq_vars.o)
 .text          0x000000000000565c       0xec BSP/\libhal_bsp.a(alt_load.o)
                0x00000000000056c4                alt_load
 .text          0x0000000000005748       0x7c BSP/\libhal_bsp.a(alt_main.o)
                0x0000000000005748                alt_main
 .text          0x00000000000057c4      0x22c BSP/\libhal_bsp.a(alt_printf.o)
                0x00000000000057c4                alt_printf
 .text          0x00000000000059f0       0x3c BSP/\libhal_bsp.a(alt_putchar.o)
                0x00000000000059f0                alt_putchar
 .text          0x0000000000005a2c      0x708 BSP/\libhal_bsp.a(alt_sys_init.o)
                0x0000000000005a60                alt_irq_init
                0x0000000000005a98                alt_sys_init
 .text          0x0000000000006134      0x164 BSP/\libhal_bsp.a(altera_avalon_jtag_uart_fd.o)
                0x0000000000006134                altera_avalon_jtag_uart_read_fd
                0x0000000000006194                altera_avalon_jtag_uart_write_fd
                0x00000000000061f4                altera_avalon_jtag_uart_close_fd
                0x0000000000006244                altera_avalon_jtag_uart_ioctl_fd
 .text          0x0000000000006298      0x3cc BSP/\libhal_bsp.a(altera_avalon_jtag_uart_init.o)
                0x0000000000006298                altera_avalon_jtag_uart_init
                0x00000000000065fc                altera_avalon_jtag_uart_close
 .text          0x0000000000006664       0xf0 BSP/\libhal_bsp.a(altera_avalon_jtag_uart_ioctl.o)
                0x0000000000006664                altera_avalon_jtag_uart_ioctl
 .text          0x0000000000006754      0x21c BSP/\libhal_bsp.a(altera_avalon_jtag_uart_read.o)
                0x0000000000006754                altera_avalon_jtag_uart_read
 .text          0x0000000000006970      0x224 BSP/\libhal_bsp.a(altera_avalon_jtag_uart_write.o)
                0x0000000000006970                altera_avalon_jtag_uart_write
 .text          0x0000000000006b94       0xf0 BSP/\libhal_bsp.a(altera_avalon_timer_sc.o)
                0x0000000000006c10                alt_avalon_timer_sc_init
 .text          0x0000000000006c84      0x7a8 BSP/\libhal_bsp.a(altera_up_avalon_audio.o)
                0x0000000000006c84                alt_up_audio_open_dev
                0x0000000000006cc0                alt_up_audio_enable_read_interrupt
                0x0000000000006d14                alt_up_audio_disable_read_interrupt
                0x0000000000006d6c                alt_up_audio_enable_write_interrupt
                0x0000000000006dc0                alt_up_audio_disable_write_interrupt
                0x0000000000006e18                alt_up_audio_read_interrupt_pending
                0x0000000000006e58                alt_up_audio_write_interrupt_pending
                0x0000000000006e98                alt_up_audio_reset_audio_core
                0x0000000000006f2c                alt_up_audio_read_fifo_avail
                0x0000000000006f8c                alt_up_audio_record_r
                0x0000000000006ff4                alt_up_audio_record_l
                0x000000000000705c                alt_up_audio_write_fifo_space
                0x00000000000070bc                alt_up_audio_play_r
                0x0000000000007124                alt_up_audio_play_l
                0x000000000000718c                alt_up_audio_read_fifo
                0x000000000000726c                alt_up_audio_write_fifo
                0x0000000000007374                alt_up_audio_read_fifo_head
                0x00000000000073c4                alt_up_audio_write_fifo_head
 .text          0x000000000000742c      0x6b0 BSP/\libhal_bsp.a(altera_up_avalon_ps2.o)
                0x000000000000742c                read_RI_bit
                0x0000000000007460                read_RE_bit
                0x0000000000007490                read_CE_bit
                0x00000000000074c4                read_num_bytes_available
                0x00000000000074f4                read_data_valid
                0x0000000000007528                read_data_byte
                0x0000000000007554                alt_up_ps2_init
                0x000000000000761c                alt_up_ps2_enable_read_interrupt
                0x0000000000007678                alt_up_ps2_disable_read_interrupt
                0x00000000000076d8                alt_up_ps2_write_data_byte
                0x000000000000774c                alt_up_ps2_wait_for_ack
                0x00000000000077b4                alt_up_ps2_write_data_byte_with_ack
                0x0000000000007818                alt_up_ps2_read_data_byte_timeout
                0x00000000000078b4                alt_up_ps2_read_data_byte
                0x0000000000007924                alt_up_ps2_clear_fifo
                0x000000000000797c                alt_up_ps2_read_fd
                0x0000000000007a08                alt_up_ps2_write_fd
                0x0000000000007aa0                alt_up_ps2_open_dev
 .text          0x0000000000007adc     0x1460 BSP/\libhal_bsp.a(altera_up_avalon_video_dma_controller.o)
                0x0000000000007adc                alt_up_video_dma_open_dev
                0x0000000000007b18                alt_up_video_dma_ctrl_set_bb_addr
                0x0000000000007b74                alt_up_video_dma_ctrl_swap_buffers
                0x0000000000007bd4                alt_up_video_dma_ctrl_check_swap_status
                0x0000000000007c08                alt_up_video_dma_draw
                0x0000000000007d70                alt_up_video_dma_read
                0x0000000000007ec4                alt_up_video_dma_draw_box
                0x00000000000081e0                alt_up_video_dma_draw_line
                0x000000000000847c                alt_up_video_dma_draw_string
                0x00000000000086c0                alt_up_video_dma_screen_clear
                0x0000000000008700                alt_up_video_dma_screen_fill
                0x0000000000008778                alt_up_video_dma_draw_circle
                0x0000000000008b20                alt_up_video_dma_draw_hline
                0x0000000000008c44                alt_up_video_dma_draw_vline
                0x0000000000008d98                alt_up_video_dma_draw_rectangle
                0x0000000000008e74                alt_up_video_dma_draw_helper
                0x0000000000008edc                alt_up_video_dma_read_helper
 .text          0x0000000000008f3c      0x12c BSP/\libhal_bsp.a(alt_alarm_start.o)
                0x0000000000008f3c                alt_alarm_start
 .text          0x0000000000009068      0x10c BSP/\libhal_bsp.a(alt_close.o)
                0x00000000000090a4                close
 .text          0x0000000000009174       0x20 BSP/\libhal_bsp.a(alt_dcache_flush_all.o)
                0x0000000000009174                alt_dcache_flush_all
 .text          0x0000000000009194       0x2c BSP/\libhal_bsp.a(alt_dev.o)
 .text          0x00000000000091c0       0xe0 BSP/\libhal_bsp.a(alt_dev_llist_insert.o)
                0x00000000000091fc                alt_dev_llist_insert
 .text          0x00000000000092a0       0x60 BSP/\libhal_bsp.a(alt_do_ctors.o)
                0x00000000000092a0                _do_ctors
 .text          0x0000000000009300       0x60 BSP/\libhal_bsp.a(alt_do_dtors.o)
                0x0000000000009300                _do_dtors
 .text          0x0000000000009360        0x0 BSP/\libhal_bsp.a(alt_errno.o)
 .text          0x0000000000009360       0x90 BSP/\libhal_bsp.a(alt_find_dev.o)
                0x0000000000009360                alt_find_dev
 .text          0x00000000000093f0       0x34 BSP/\libhal_bsp.a(alt_icache_flush_all.o)
                0x00000000000093f0                alt_icache_flush_all
 .text          0x0000000000009424      0x140 BSP/\libhal_bsp.a(alt_io_redirect.o)
                0x00000000000094e8                alt_io_redirect
 .text          0x0000000000009564        0x0 BSP/\libhal_bsp.a(alt_irq_entry.o)
 .text          0x0000000000009564        0x0 BSP/\libhal_bsp.a(alt_irq_handler.o)
 .text          0x0000000000009564      0x254 BSP/\libhal_bsp.a(alt_open.o)
                0x0000000000009664                open
 .text          0x00000000000097b8       0x64 BSP/\libhal_bsp.a(alt_release_fd.o)
                0x00000000000097b8                alt_release_fd
 .text          0x000000000000981c      0x1a4 BSP/\libhal_bsp.a(alt_tick.o)
                0x000000000000981c                alt_alarm_stop
                0x00000000000098b8                alt_tick
 .text          0x00000000000099c0       0x24 BSP/\libhal_bsp.a(altera_nios2_gen2_irq.o)
                0x00000000000099c0                altera_nios2_gen2_irq_init
 .text          0x00000000000099e4        0x0 BSP/\libhal_bsp.a(alt_exception_entry.o)
 .text          0x00000000000099e4      0x108 BSP/\libhal_bsp.a(alt_find_file.o)
                0x00000000000099e4                alt_find_file
 .text          0x0000000000009aec       0xa4 BSP/\libhal_bsp.a(alt_get_fd.o)
                0x0000000000009aec                alt_get_fd
 .text          0x0000000000009b90       0x90 BSP/\libhal_bsp.a(alt_icache_flush.o)
                0x0000000000009b90                alt_icache_flush
 .text          0x0000000000009c20       0x9c BSP/\libhal_bsp.a(alt_instruction_exception_entry.o)
                0x0000000000009c20                alt_exception_cause_generated_bad_addr
 .text          0x0000000000009cbc        0x0 BSP//newlib/nios2-elf/lib\libc.a(lib_a-atexit.o)
 .text.atexit   0x0000000000009cbc       0x3c BSP//newlib/nios2-elf/lib\libc.a(lib_a-atexit.o)
                0x0000000000009cbc                atexit
 .text          0x0000000000009cf8        0x0 BSP//newlib/nios2-elf/lib\libc.a(lib_a-exit.o)
 .text.exit     0x0000000000009cf8       0x48 BSP//newlib/nios2-elf/lib\libc.a(lib_a-exit.o)
                0x0000000000009cf8                exit
 .text          0x0000000000009d40        0x0 BSP//newlib/nios2-elf/lib\libc.a(lib_a-int_errno.o)
 .text          0x0000000000009d40        0x0 BSP//newlib/nios2-elf/lib\libc.a(lib_a-memcmp.o)
 .text.memcmp   0x0000000000009d40      0x134 BSP//newlib/nios2-elf/lib\libc.a(lib_a-memcmp.o)
                0x0000000000009d40                memcmp
 .text          0x0000000000009e74        0x0 BSP//newlib/nios2-elf/lib\libc.a(lib_a-putc.o)
 .text._putc_r  0x0000000000009e74      0x104 BSP//newlib/nios2-elf/lib\libc.a(lib_a-putc.o)
                0x0000000000009e74                _putc_r
 .text.putc     0x0000000000009f78      0x108 BSP//newlib/nios2-elf/lib\libc.a(lib_a-putc.o)
                0x0000000000009f78                putc
 .text          0x000000000000a080        0x0 BSP//newlib/nios2-elf/lib\libc.a(lib_a-strlen.o)
 .text.strlen   0x000000000000a080       0xf4 BSP//newlib/nios2-elf/lib\libc.a(lib_a-strlen.o)
                0x000000000000a080                strlen
 .text          0x000000000000a174        0x0 BSP//newlib/nios2-elf/lib\libc.a(lib_a-wbuf.o)
 .text.__swbuf_r
                0x000000000000a174      0x168 BSP//newlib/nios2-elf/lib\libc.a(lib_a-wbuf.o)
                0x000000000000a174                __swbuf_r
 .text.__swbuf  0x000000000000a2dc       0x40 BSP//newlib/nios2-elf/lib\libc.a(lib_a-wbuf.o)
                0x000000000000a2dc                __swbuf
 .text          0x000000000000a31c        0x0 BSP//newlib/nios2-elf/lib\libc.a(lib_a-wsetup.o)
 .text.__swsetup_r
                0x000000000000a31c      0x1a0 BSP//newlib/nios2-elf/lib\libc.a(lib_a-wsetup.o)
                0x000000000000a31c                __swsetup_r
 .text          0x000000000000a4bc        0x0 BSP//newlib/nios2-elf/lib\libc.a(lib_a-__atexit.o)
 .text.__register_exitproc
                0x000000000000a4bc      0x170 BSP//newlib/nios2-elf/lib\libc.a(lib_a-__atexit.o)
                0x000000000000a4bc                __register_exitproc
 .text          0x000000000000a62c        0x0 BSP//newlib/nios2-elf/lib\libc.a(lib_a-__call_atexit.o)
 .text.__call_exitprocs
                0x000000000000a62c      0x1ec BSP//newlib/nios2-elf/lib\libc.a(lib_a-__call_atexit.o)
                0x000000000000a62c                __call_exitprocs
 .text          0x000000000000a818        0x0 BSP//newlib/nios2-elf/lib\libc.a(lib_a-fflush.o)
 .text.__sflush_r
                0x000000000000a818      0x304 BSP//newlib/nios2-elf/lib\libc.a(lib_a-fflush.o)
                0x000000000000a818                __sflush_r
 .text._fflush_r
                0x000000000000ab1c       0x88 BSP//newlib/nios2-elf/lib\libc.a(lib_a-fflush.o)
                0x000000000000ab1c                _fflush_r
 .text.fflush   0x000000000000aba4       0x54 BSP//newlib/nios2-elf/lib\libc.a(lib_a-fflush.o)
                0x000000000000aba4                fflush
 .text          0x000000000000abf8        0x0 BSP//newlib/nios2-elf/lib\libc.a(lib_a-findfp.o)
 .text.std      0x000000000000abf8       0xf4 BSP//newlib/nios2-elf/lib\libc.a(lib_a-findfp.o)
 .text.__sfmoreglue
                0x000000000000acec       0xa4 BSP//newlib/nios2-elf/lib\libc.a(lib_a-findfp.o)
                0x000000000000acec                __sfmoreglue
 .text.__sfp    0x000000000000ad90      0x194 BSP//newlib/nios2-elf/lib\libc.a(lib_a-findfp.o)
                0x000000000000ad90                __sfp
 .text._cleanup_r
                0x000000000000af24       0x44 BSP//newlib/nios2-elf/lib\libc.a(lib_a-findfp.o)
                0x000000000000af24                _cleanup_r
 .text._cleanup
                0x000000000000af68       0x34 BSP//newlib/nios2-elf/lib\libc.a(lib_a-findfp.o)
                0x000000000000af68                _cleanup
 .text.__sinit  0x000000000000af9c       0xd8 BSP//newlib/nios2-elf/lib\libc.a(lib_a-findfp.o)
                0x000000000000af9c                __sinit
 .text.__sfp_lock_acquire
                0x000000000000b074       0x20 BSP//newlib/nios2-elf/lib\libc.a(lib_a-findfp.o)
                0x000000000000b074                __sfp_lock_acquire
 .text.__sfp_lock_release
                0x000000000000b094       0x20 BSP//newlib/nios2-elf/lib\libc.a(lib_a-findfp.o)
                0x000000000000b094                __sfp_lock_release
 .text.__sinit_lock_acquire
                0x000000000000b0b4       0x20 BSP//newlib/nios2-elf/lib\libc.a(lib_a-findfp.o)
                0x000000000000b0b4                __sinit_lock_acquire
 .text.__sinit_lock_release
                0x000000000000b0d4       0x20 BSP//newlib/nios2-elf/lib\libc.a(lib_a-findfp.o)
                0x000000000000b0d4                __sinit_lock_release
 .text.__fp_lock
                0x000000000000b0f4       0x24 BSP//newlib/nios2-elf/lib\libc.a(lib_a-findfp.o)
 .text.__fp_unlock
                0x000000000000b118       0x24 BSP//newlib/nios2-elf/lib\libc.a(lib_a-findfp.o)
 .text.__fp_lock_all
                0x000000000000b13c       0x40 BSP//newlib/nios2-elf/lib\libc.a(lib_a-findfp.o)
                0x000000000000b13c                __fp_lock_all
 .text.__fp_unlock_all
                0x000000000000b17c       0x40 BSP//newlib/nios2-elf/lib\libc.a(lib_a-findfp.o)
                0x000000000000b17c                __fp_unlock_all
 .text          0x000000000000b1bc        0x0 BSP//newlib/nios2-elf/lib\libc.a(lib_a-freer.o)
 .text._free_r  0x000000000000b1bc      0x560 BSP//newlib/nios2-elf/lib\libc.a(lib_a-freer.o)
                0x000000000000b1bc                _free_r
 .text._malloc_trim_r
                0x000000000000b71c      0x1c8 BSP//newlib/nios2-elf/lib\libc.a(lib_a-freer.o)
                0x000000000000b71c                _malloc_trim_r
 .text          0x000000000000b8e4        0x0 BSP//newlib/nios2-elf/lib\libc.a(lib_a-fwalk.o)
 .text._fwalk   0x000000000000b8e4       0xd8 BSP//newlib/nios2-elf/lib\libc.a(lib_a-fwalk.o)
                0x000000000000b8e4                _fwalk
 .text._fwalk_reent
                0x000000000000b9bc       0xdc BSP//newlib/nios2-elf/lib\libc.a(lib_a-fwalk.o)
                0x000000000000b9bc                _fwalk_reent
 .text          0x000000000000ba98        0x0 BSP//newlib/nios2-elf/lib\libc.a(lib_a-makebuf.o)
 .text.__smakebuf_r
                0x000000000000ba98      0x22c BSP//newlib/nios2-elf/lib\libc.a(lib_a-makebuf.o)
                0x000000000000ba98                __smakebuf_r
 .text          0x000000000000bcc4        0x0 BSP//newlib/nios2-elf/lib\libc.a(lib_a-mallocr.o)
 .text.malloc_extend_top
                0x000000000000bcc4      0x3b4 BSP//newlib/nios2-elf/lib\libc.a(lib_a-mallocr.o)
 .text._malloc_r
                0x000000000000c078      0xb7c BSP//newlib/nios2-elf/lib\libc.a(lib_a-mallocr.o)
                0x000000000000c078                _malloc_r
 .text          0x000000000000cbf4        0x0 BSP//newlib/nios2-elf/lib\libc.a(lib_a-memset.o)
 .text.memset   0x000000000000cbf4      0x1c4 BSP//newlib/nios2-elf/lib\libc.a(lib_a-memset.o)
                0x000000000000cbf4                memset
 .text          0x000000000000cdb8        0x0 BSP//newlib/nios2-elf/lib\libc.a(lib_a-sbrkr.o)
 .text._sbrk_r  0x000000000000cdb8       0x60 BSP//newlib/nios2-elf/lib\libc.a(lib_a-sbrkr.o)
                0x000000000000cdb8                _sbrk_r
 .text          0x000000000000ce18        0x0 BSP//newlib/nios2-elf/lib\libc.a(lib_a-stdio.o)
 .text.__sread  0x000000000000ce18       0x9c BSP//newlib/nios2-elf/lib\libc.a(lib_a-stdio.o)
                0x000000000000ce18                __sread
 .text.__seofread
                0x000000000000ceb4       0x30 BSP//newlib/nios2-elf/lib\libc.a(lib_a-stdio.o)
                0x000000000000ceb4                __seofread
 .text.__swrite
                0x000000000000cee4       0xb4 BSP//newlib/nios2-elf/lib\libc.a(lib_a-stdio.o)
                0x000000000000cee4                __swrite
 .text.__sseek  0x000000000000cf98       0xa0 BSP//newlib/nios2-elf/lib\libc.a(lib_a-stdio.o)
                0x000000000000cf98                __sseek
 .text.__sclose
                0x000000000000d038       0x54 BSP//newlib/nios2-elf/lib\libc.a(lib_a-stdio.o)
                0x000000000000d038                __sclose
 .text          0x000000000000d08c        0x0 BSP//newlib/nios2-elf/lib\libc.a(lib_a-writer.o)
 .text._write_r
                0x000000000000d08c       0x70 BSP//newlib/nios2-elf/lib\libc.a(lib_a-writer.o)
                0x000000000000d08c                _write_r
 .text          0x000000000000d0fc        0x0 BSP//newlib/nios2-elf/lib\libc.a(closer.o)
 .text._close_r
                0x000000000000d0fc       0x60 BSP//newlib/nios2-elf/lib\libc.a(closer.o)
                0x000000000000d0fc                _close_r
 .text          0x000000000000d15c        0x0 BSP//newlib/nios2-elf/lib\libc.a(lib_a-fclose.o)
 .text._fclose_r
                0x000000000000d15c      0x12c BSP//newlib/nios2-elf/lib\libc.a(lib_a-fclose.o)
                0x000000000000d15c                _fclose_r
 .text.fclose   0x000000000000d288       0x38 BSP//newlib/nios2-elf/lib\libc.a(lib_a-fclose.o)
                0x000000000000d288                fclose
 .text          0x000000000000d2c0        0x0 BSP//newlib/nios2-elf/lib\libc.a(lib_a-fstatr.o)
 .text._fstat_r
                0x000000000000d2c0       0x68 BSP//newlib/nios2-elf/lib\libc.a(lib_a-fstatr.o)
                0x000000000000d2c0                _fstat_r
 .text          0x000000000000d328        0x0 BSP//newlib/nios2-elf/lib\libc.a(lib_a-isattyr.o)
 .text._isatty_r
                0x000000000000d328       0x60 BSP//newlib/nios2-elf/lib\libc.a(lib_a-isattyr.o)
                0x000000000000d328                _isatty_r
 .text          0x000000000000d388        0x0 BSP//newlib/nios2-elf/lib\libc.a(lib_a-lseekr.o)
 .text._lseek_r
                0x000000000000d388       0x70 BSP//newlib/nios2-elf/lib\libc.a(lib_a-lseekr.o)
                0x000000000000d388                _lseek_r
 .text          0x000000000000d3f8        0x0 BSP//newlib/nios2-elf/lib\libc.a(lib_a-readr.o)
 .text._read_r  0x000000000000d3f8       0x70 BSP//newlib/nios2-elf/lib\libc.a(lib_a-readr.o)
                0x000000000000d3f8                _read_r
 .text          0x000000000000d468       0x34 BSP/\libhal_bsp.a(alt_exit.o)
                0x000000000000d468                _exit
 .text          0x000000000000d49c       0xec BSP/\libhal_bsp.a(alt_fstat.o)
                0x000000000000d4d8                fstat
 .text          0x000000000000d588       0xe0 BSP/\libhal_bsp.a(alt_isatty.o)
                0x000000000000d5c4                isatty
 .text          0x000000000000d668      0x110 BSP/\libhal_bsp.a(alt_lseek.o)
                0x000000000000d6a4                lseek
 .text          0x000000000000d778       0x48 BSP/\libhal_bsp.a(alt_malloc_lock.o)
                0x000000000000d778                __malloc_lock
                0x000000000000d79c                __malloc_unlock
 .text          0x000000000000d7c0      0x138 BSP/\libhal_bsp.a(alt_read.o)
                0x000000000000d7fc                read
 .text          0x000000000000d8f8       0xb0 BSP/\libhal_bsp.a(alt_sbrk.o)
                0x000000000000d8f8                sbrk
 .text          0x000000000000d9a8      0x134 BSP/\libhal_bsp.a(alt_write.o)
                0x000000000000d9e4                write
 *(.gnu.warning.*)
 *(.fini)
                [!provide]                        PROVIDE (__etext, ABSOLUTE (.))
                [!provide]                        PROVIDE (_etext, ABSOLUTE (.))
                [!provide]                        PROVIDE (etext, ABSOLUTE (.))
 *(.eh_frame_hdr)
                0x000000000000dadc                . = ALIGN (0x4)
                [!provide]                        PROVIDE (__preinit_array_start, ABSOLUTE (.))
 *(.preinit_array)
                [!provide]                        PROVIDE (__preinit_array_end, ABSOLUTE (.))
                [!provide]                        PROVIDE (__init_array_start, ABSOLUTE (.))
 *(.init_array)
                [!provide]                        PROVIDE (__init_array_end, ABSOLUTE (.))
                [!provide]                        PROVIDE (__fini_array_start, ABSOLUTE (.))
 *(.fini_array)
                [!provide]                        PROVIDE (__fini_array_end, ABSOLUTE (.))
 *(.eh_frame)
 *(.gcc_except_table .gcc_except_table.*)
 *(.dynamic)
                0x000000000000dadc                PROVIDE (__CTOR_LIST__, ABSOLUTE (.))
 *(.ctors)
 *(SORT(.ctors.*))
                0x000000000000dadc                PROVIDE (__CTOR_END__, ABSOLUTE (.))
                0x000000000000dadc                PROVIDE (__DTOR_LIST__, ABSOLUTE (.))
 *(.dtors)
 *(SORT(.dtors.*))
                0x000000000000dadc                PROVIDE (__DTOR_END__, ABSOLUTE (.))
 *(.jcr)
                0x000000000000dadc                . = ALIGN (0x4)

.rodata         0x000000000000dadc    0xbbda0
                0x000000000000dadc                PROVIDE (__ram_rodata_start, ABSOLUTE (.))
                0x000000000000dadc                . = ALIGN (0x4)
 *(.rodata .rodata.* .gnu.linkonce.r.*)
 .rodata        0x000000000000dadc    0x4b493 obj/default/PS2_interrupt.o
 *fill*         0x0000000000058f6f        0x1 
 .rodata        0x0000000000058f70    0x70808 obj/default/globals.o
                0x0000000000058f70                jazzplaza
 .rodata        0x00000000000c9778        0x2 BSP//newlib/nios2-elf/lib\libc.a(lib_a-impure.o)
 *fill*         0x00000000000c977a        0x2 
 .rodata        0x00000000000c977c        0xf BSP/\libhal_bsp.a(alt_main.o)
 *fill*         0x00000000000c978b        0x1 
 .rodata        0x00000000000c978c       0xe3 BSP/\libhal_bsp.a(alt_sys_init.o)
 *fill*         0x00000000000c986f        0x1 
 .rodata        0x00000000000c9870        0xa BSP/\libhal_bsp.a(alt_dev.o)
 *(.rodata1)
                0x00000000000c987c                . = ALIGN (0x4)
 *fill*         0x00000000000c987a        0x2 
                0x00000000000c987c                PROVIDE (__ram_rodata_end, ABSOLUTE (.))
                0x000000000000dadc                PROVIDE (__flash_rodata_start, LOADADDR (.rodata))

.rwdata         0x00000000000c987c     0x1d8c load address 0x00000000000cb608
                0x00000000000c987c                PROVIDE (__ram_rwdata_start, ABSOLUTE (.))
                0x00000000000c987c                . = ALIGN (0x4)
 *(.got.plt)
 *(.got)
 *(.data1)
 *(.data .data.* .gnu.linkonce.d.*)
 .data          0x00000000000c987c        0x0 BSP//obj/HAL/src/crt0.o
 .data          0x00000000000c987c        0x0 obj/default/PS2_ISR.o
 .data          0x00000000000c987c      0x144 obj/default/PS2_interrupt.o
                0x00000000000c987c                circle9
 .data          0x00000000000c99c0        0x0 obj/default/audio_ISR.o
 .data          0x00000000000c99c0        0x0 obj/default/globals.o
 .data          0x00000000000c99c0        0x0 obj/default/interval_timer_ISR.o
 .data          0x00000000000c99c0        0x0 obj/default/physics.o
 .data          0x00000000000c99c0        0x0 BSP//newlib/nios2-elf/lib\libc.a(lib_a-memcpy.o)
 .data          0x00000000000c99c0        0x0 BSP//newlib/nios2-elf/lib\libc.a(lib_a-rand.o)
 .data          0x00000000000c99c0        0x0 BSP//newlib/nios2-elf/lib\libc.a(lib_a-impure.o)
 .data.impure_data
                0x00000000000c99c0      0x424 BSP//newlib/nios2-elf/lib\libc.a(lib_a-impure.o)
 .data          0x00000000000c9de4        0x0 BSP/\libhal_bsp.a(alt_irq_register.o)
 .data          0x00000000000c9de4        0x0 BSP/\libhal_bsp.a(alt_irq_vars.o)
 .data          0x00000000000c9de4        0x0 BSP/\libhal_bsp.a(alt_load.o)
 .data          0x00000000000c9de4        0x0 BSP/\libhal_bsp.a(alt_main.o)
 .data          0x00000000000c9de4        0x0 BSP/\libhal_bsp.a(alt_printf.o)
 .data          0x00000000000c9de4        0x0 BSP/\libhal_bsp.a(alt_putchar.o)
 .data          0x00000000000c9de4     0x122c BSP/\libhal_bsp.a(alt_sys_init.o)
 .data          0x00000000000cb010        0x0 BSP/\libhal_bsp.a(altera_avalon_jtag_uart_fd.o)
 .data          0x00000000000cb010        0x0 BSP/\libhal_bsp.a(altera_avalon_jtag_uart_init.o)
 .data          0x00000000000cb010        0x0 BSP/\libhal_bsp.a(altera_avalon_jtag_uart_ioctl.o)
 .data          0x00000000000cb010        0x0 BSP/\libhal_bsp.a(altera_avalon_jtag_uart_read.o)
 .data          0x00000000000cb010        0x0 BSP/\libhal_bsp.a(altera_avalon_jtag_uart_write.o)
 .data          0x00000000000cb010        0x0 BSP/\libhal_bsp.a(altera_avalon_timer_sc.o)
 .data          0x00000000000cb010        0x0 BSP/\libhal_bsp.a(altera_up_avalon_audio.o)
 .data          0x00000000000cb010        0x0 BSP/\libhal_bsp.a(altera_up_avalon_ps2.o)
 .data          0x00000000000cb010        0x0 BSP/\libhal_bsp.a(altera_up_avalon_video_dma_controller.o)
 .data          0x00000000000cb010        0x0 BSP/\libhal_bsp.a(alt_alarm_start.o)
 .data          0x00000000000cb010        0x0 BSP/\libhal_bsp.a(alt_close.o)
 .data          0x00000000000cb010        0x0 BSP/\libhal_bsp.a(alt_dcache_flush_all.o)
 .data          0x00000000000cb010      0x1a8 BSP/\libhal_bsp.a(alt_dev.o)
                0x00000000000cb010                alt_dev_null
                0x00000000000cb038                alt_fd_list
 .data          0x00000000000cb1b8        0x0 BSP/\libhal_bsp.a(alt_dev_llist_insert.o)
 .data          0x00000000000cb1b8        0x0 BSP/\libhal_bsp.a(alt_do_ctors.o)
 .data          0x00000000000cb1b8        0x0 BSP/\libhal_bsp.a(alt_do_dtors.o)
 .data          0x00000000000cb1b8        0x0 BSP/\libhal_bsp.a(alt_errno.o)
 .data          0x00000000000cb1b8        0x0 BSP/\libhal_bsp.a(alt_find_dev.o)
 .data          0x00000000000cb1b8        0x0 BSP/\libhal_bsp.a(alt_icache_flush_all.o)
 .data          0x00000000000cb1b8        0x0 BSP/\libhal_bsp.a(alt_io_redirect.o)
 .data          0x00000000000cb1b8        0x0 BSP/\libhal_bsp.a(alt_irq_entry.o)
 .data          0x00000000000cb1b8        0x0 BSP/\libhal_bsp.a(alt_irq_handler.o)
 .data          0x00000000000cb1b8        0x0 BSP/\libhal_bsp.a(alt_open.o)
 .data          0x00000000000cb1b8        0x0 BSP/\libhal_bsp.a(alt_release_fd.o)
 .data          0x00000000000cb1b8        0x0 BSP/\libhal_bsp.a(alt_tick.o)
 .data          0x00000000000cb1b8        0x0 BSP/\libhal_bsp.a(altera_nios2_gen2_irq.o)
 .data          0x00000000000cb1b8        0x0 BSP/\libhal_bsp.a(alt_exception_entry.o)
 .data          0x00000000000cb1b8        0x0 BSP/\libhal_bsp.a(alt_find_file.o)
 .data          0x00000000000cb1b8        0x0 BSP/\libhal_bsp.a(alt_get_fd.o)
 .data          0x00000000000cb1b8        0x0 BSP/\libhal_bsp.a(alt_icache_flush.o)
 .data          0x00000000000cb1b8        0x0 BSP/\libhal_bsp.a(alt_instruction_exception_entry.o)
 .data          0x00000000000cb1b8        0x0 BSP//newlib/nios2-elf/lib\libc.a(lib_a-atexit.o)
 .data          0x00000000000cb1b8        0x0 BSP//newlib/nios2-elf/lib\libc.a(lib_a-exit.o)
 .data          0x00000000000cb1b8        0x0 BSP//newlib/nios2-elf/lib\libc.a(lib_a-int_errno.o)
 .data          0x00000000000cb1b8        0x0 BSP//newlib/nios2-elf/lib\libc.a(lib_a-memcmp.o)
 .data          0x00000000000cb1b8        0x0 BSP//newlib/nios2-elf/lib\libc.a(lib_a-putc.o)
 .data          0x00000000000cb1b8        0x0 BSP//newlib/nios2-elf/lib\libc.a(lib_a-strlen.o)
 .data          0x00000000000cb1b8        0x0 BSP//newlib/nios2-elf/lib\libc.a(lib_a-wbuf.o)
 .data          0x00000000000cb1b8        0x0 BSP//newlib/nios2-elf/lib\libc.a(lib_a-wsetup.o)
 .data          0x00000000000cb1b8        0x0 BSP//newlib/nios2-elf/lib\libc.a(lib_a-__atexit.o)
 .data          0x00000000000cb1b8        0x0 BSP//newlib/nios2-elf/lib\libc.a(lib_a-__call_atexit.o)
 .data          0x00000000000cb1b8        0x0 BSP//newlib/nios2-elf/lib\libc.a(lib_a-fflush.o)
 .data          0x00000000000cb1b8        0x0 BSP//newlib/nios2-elf/lib\libc.a(lib_a-findfp.o)
 .data          0x00000000000cb1b8        0x0 BSP//newlib/nios2-elf/lib\libc.a(lib_a-freer.o)
 .data          0x00000000000cb1b8        0x0 BSP//newlib/nios2-elf/lib\libc.a(lib_a-fwalk.o)
 .data          0x00000000000cb1b8        0x0 BSP//newlib/nios2-elf/lib\libc.a(lib_a-makebuf.o)
 .data          0x00000000000cb1b8        0x0 BSP//newlib/nios2-elf/lib\libc.a(lib_a-mallocr.o)
 .data.__malloc_av_
                0x00000000000cb1b8      0x408 BSP//newlib/nios2-elf/lib\libc.a(lib_a-mallocr.o)
                0x00000000000cb1b8                __malloc_av_
 .data          0x00000000000cb5c0        0x0 BSP//newlib/nios2-elf/lib\libc.a(lib_a-memset.o)
 .data          0x00000000000cb5c0        0x0 BSP//newlib/nios2-elf/lib\libc.a(lib_a-sbrkr.o)
 .data          0x00000000000cb5c0        0x0 BSP//newlib/nios2-elf/lib\libc.a(lib_a-stdio.o)
 .data          0x00000000000cb5c0        0x0 BSP//newlib/nios2-elf/lib\libc.a(lib_a-writer.o)
 .data          0x00000000000cb5c0        0x0 BSP//newlib/nios2-elf/lib\libc.a(closer.o)
 .data          0x00000000000cb5c0        0x0 BSP//newlib/nios2-elf/lib\libc.a(lib_a-fclose.o)
 .data          0x00000000000cb5c0        0x0 BSP//newlib/nios2-elf/lib\libc.a(lib_a-fstatr.o)
 .data          0x00000000000cb5c0        0x0 BSP//newlib/nios2-elf/lib\libc.a(lib_a-isattyr.o)
 .data          0x00000000000cb5c0        0x0 BSP//newlib/nios2-elf/lib\libc.a(lib_a-lseekr.o)
 .data          0x00000000000cb5c0        0x0 BSP//newlib/nios2-elf/lib\libc.a(lib_a-readr.o)
 .data          0x00000000000cb5c0        0x0 BSP/\libhal_bsp.a(alt_exit.o)
 .data          0x00000000000cb5c0        0x0 BSP/\libhal_bsp.a(alt_fstat.o)
 .data          0x00000000000cb5c0        0x0 BSP/\libhal_bsp.a(alt_isatty.o)
 .data          0x00000000000cb5c0        0x0 BSP/\libhal_bsp.a(alt_lseek.o)
 .data          0x00000000000cb5c0        0x0 BSP/\libhal_bsp.a(alt_malloc_lock.o)
 .data          0x00000000000cb5c0        0x0 BSP/\libhal_bsp.a(alt_read.o)
 .data          0x00000000000cb5c0        0x0 BSP/\libhal_bsp.a(alt_sbrk.o)
 .data          0x00000000000cb5c0        0x0 BSP/\libhal_bsp.a(alt_write.o)
                0x00000000000d35c0                _gp = ABSOLUTE ((. + 0x8000))
                [!provide]                        PROVIDE (gp, _gp)
 *(.rwdata .rwdata.*)
 *(.sdata .sdata.* .gnu.linkonce.s.*)
 .sdata         0x00000000000cb5c0        0x4 obj/default/PS2_interrupt.o
                0x00000000000cb5c0                c_of_rest
 .sdata         0x00000000000cb5c4        0xc obj/default/globals.o
                0x00000000000cb5c4                negXMask
                0x00000000000cb5c5                negYMask
                0x00000000000cb5c8                audioArraySize
                0x00000000000cb5cc                dir
 .sdata._impure_ptr
                0x00000000000cb5d0        0x4 BSP//newlib/nios2-elf/lib\libc.a(lib_a-impure.o)
                0x00000000000cb5d0                _impure_ptr
 .sdata._global_impure_ptr
                0x00000000000cb5d4        0x4 BSP//newlib/nios2-elf/lib\libc.a(lib_a-impure.o)
                0x00000000000cb5d4                _global_impure_ptr
 .sdata         0x00000000000cb5d8        0x4 BSP/\libhal_bsp.a(alt_irq_vars.o)
                0x00000000000cb5d8                alt_priority_mask
 .sdata         0x00000000000cb5dc       0x14 BSP/\libhal_bsp.a(alt_dev.o)
                0x00000000000cb5dc                alt_fs_list
                0x00000000000cb5e4                alt_dev_list
                0x00000000000cb5ec                alt_max_fd
 .sdata         0x00000000000cb5f0        0x4 BSP/\libhal_bsp.a(alt_errno.o)
                0x00000000000cb5f0                alt_errno
 .sdata         0x00000000000cb5f4        0x8 BSP/\libhal_bsp.a(alt_tick.o)
                0x00000000000cb5f4                alt_alarm_list
 .sdata.__malloc_trim_threshold
                0x00000000000cb5fc        0x4 BSP//newlib/nios2-elf/lib\libc.a(lib_a-mallocr.o)
                0x00000000000cb5fc                __malloc_trim_threshold
 .sdata.__malloc_sbrk_base
                0x00000000000cb600        0x4 BSP//newlib/nios2-elf/lib\libc.a(lib_a-mallocr.o)
                0x00000000000cb600                __malloc_sbrk_base
 .sdata         0x00000000000cb604        0x4 BSP/\libhal_bsp.a(alt_sbrk.o)
 *(.sdata2 .sdata2.* .gnu.linkonce.s2.*)
                0x00000000000cb608                . = ALIGN (0x4)
                0x00000000000cb608                _edata = ABSOLUTE (.)
                [!provide]                        PROVIDE (edata, ABSOLUTE (.))
                0x00000000000cb608                PROVIDE (__ram_rwdata_end, ABSOLUTE (.))
                0x00000000000cb608                PROVIDE (__flash_rwdata_start, LOADADDR (.rwdata))

.bss            0x00000000000cd394      0x21c
                0x00000000000cd394                __bss_start = ABSOLUTE (.)
                [!provide]                        PROVIDE (__sbss_start, ABSOLUTE (.))
                [!provide]                        PROVIDE (___sbss_start, ABSOLUTE (.))
 *(.dynsbss)
 *(.sbss .sbss.* .gnu.linkonce.sb.*)
 .sbss          0x00000000000cd394        0xd obj/default/PS2_interrupt.o
                0x00000000000cd394                num_objects
                0x00000000000cd398                game_time
                0x00000000000cd39c                time_step
                0x00000000000cd3a0                game_status
 *fill*         0x00000000000cd3a1        0x3 
 .sbss          0x00000000000cd3a4        0x8 obj/default/globals.o
                0x00000000000cd3a4                delay
                0x00000000000cd3a8                chaserDelay
 .sbss          0x00000000000cd3ac       0x39 obj/default/globals.o
                0x00000000000cd3ac                newData
                0x00000000000cd3ad                byte2
                0x00000000000cd3ae                byte3
                0x00000000000cd3af                byte1
                0x00000000000cd3b0                up_dev
                0x00000000000cd3b8                byteIndex
                0x00000000000cd3bc                mouseY
                0x00000000000cd3be                button1Down
                0x00000000000cd3c0                packetSize
                0x00000000000cd3c4                button3Down
                0x00000000000cd3c8                timeout
                0x00000000000cd3cc                seq
                0x00000000000cd3d0                buf_index_play
                0x00000000000cd3d4                interval_timer_ptr
                0x00000000000cd3d8                negX
                0x00000000000cd3dc                audioArrayPosition
                0x00000000000cd3e0                button2Down
                0x00000000000cd3e2                mouseX
                0x00000000000cd3e4                negY
 *fill*         0x00000000000cd3e5        0x3 
 .sbss          0x00000000000cd3e8        0x4 BSP/\libhal_bsp.a(alt_irq_vars.o)
                0x00000000000cd3e8                alt_irq_active
 .sbss          0x00000000000cd3ec        0xc BSP/\libhal_bsp.a(alt_main.o)
                0x00000000000cd3ec                alt_argc
                0x00000000000cd3f0                alt_argv
                0x00000000000cd3f4                alt_envp
 .sbss          0x00000000000cd3f8        0x8 BSP/\libhal_bsp.a(alt_tick.o)
                0x00000000000cd3f8                _alt_tick_rate
                0x00000000000cd3fc                _alt_nticks
 .sbss          0x00000000000cd400        0x4 BSP/\libhal_bsp.a(alt_instruction_exception_entry.o)
                0x00000000000cd400                alt_instruction_exception_handler
 .sbss          0x00000000000cd404        0x4 BSP//newlib/nios2-elf/lib\libc.a(lib_a-int_errno.o)
                0x00000000000cd404                errno
 .sbss.__atexit_lock
                0x00000000000cd408        0x4 BSP//newlib/nios2-elf/lib\libc.a(lib_a-__call_atexit.o)
 .sbss.__sfp_lock
                0x00000000000cd40c        0x4 BSP//newlib/nios2-elf/lib\libc.a(lib_a-findfp.o)
 .sbss.__sinit_lock
                0x00000000000cd410        0x4 BSP//newlib/nios2-elf/lib\libc.a(lib_a-findfp.o)
 .sbss.__malloc_top_pad
                0x00000000000cd414        0x4 BSP//newlib/nios2-elf/lib\libc.a(lib_a-mallocr.o)
                0x00000000000cd414                __malloc_top_pad
 .sbss.__malloc_max_sbrked_mem
                0x00000000000cd418        0x4 BSP//newlib/nios2-elf/lib\libc.a(lib_a-mallocr.o)
                0x00000000000cd418                __malloc_max_sbrked_mem
 .sbss.__malloc_max_total_mem
                0x00000000000cd41c        0x4 BSP//newlib/nios2-elf/lib\libc.a(lib_a-mallocr.o)
                0x00000000000cd41c                __malloc_max_total_mem
 *(.sbss2 .sbss2.* .gnu.linkonce.sb2.*)
 *(.scommon)
                [!provide]                        PROVIDE (__sbss_end, ABSOLUTE (.))
                [!provide]                        PROVIDE (___sbss_end, ABSOLUTE (.))
 *(.dynbss)
 *(.bss .bss.* .gnu.linkonce.b.*)
 .bss           0x00000000000cd420        0x0 BSP//obj/HAL/src/crt0.o
 .bss           0x00000000000cd420        0x0 obj/default/PS2_ISR.o
 .bss           0x00000000000cd420        0x0 obj/default/PS2_interrupt.o
 .bss           0x00000000000cd420        0x0 obj/default/audio_ISR.o
 .bss           0x00000000000cd420        0x0 obj/default/globals.o
 .bss           0x00000000000cd420        0x0 obj/default/interval_timer_ISR.o
 .bss           0x00000000000cd420        0x0 obj/default/physics.o
 .bss           0x00000000000cd420        0x0 BSP//newlib/nios2-elf/lib\libc.a(lib_a-memcpy.o)
 .bss           0x00000000000cd420        0x0 BSP//newlib/nios2-elf/lib\libc.a(lib_a-rand.o)
 .bss           0x00000000000cd420        0x0 BSP//newlib/nios2-elf/lib\libc.a(lib_a-impure.o)
 .bss           0x00000000000cd420        0x0 BSP/\libhal_bsp.a(alt_irq_register.o)
 .bss           0x00000000000cd420        0x0 BSP/\libhal_bsp.a(alt_irq_vars.o)
 .bss           0x00000000000cd420        0x0 BSP/\libhal_bsp.a(alt_load.o)
 .bss           0x00000000000cd420        0x0 BSP/\libhal_bsp.a(alt_main.o)
 .bss           0x00000000000cd420        0x0 BSP/\libhal_bsp.a(alt_printf.o)
 .bss           0x00000000000cd420        0x0 BSP/\libhal_bsp.a(alt_putchar.o)
 .bss           0x00000000000cd420        0x0 BSP/\libhal_bsp.a(alt_sys_init.o)
 .bss           0x00000000000cd420        0x0 BSP/\libhal_bsp.a(altera_avalon_jtag_uart_fd.o)
 .bss           0x00000000000cd420        0x0 BSP/\libhal_bsp.a(altera_avalon_jtag_uart_init.o)
 .bss           0x00000000000cd420        0x0 BSP/\libhal_bsp.a(altera_avalon_jtag_uart_ioctl.o)
 .bss           0x00000000000cd420        0x0 BSP/\libhal_bsp.a(altera_avalon_jtag_uart_read.o)
 .bss           0x00000000000cd420        0x0 BSP/\libhal_bsp.a(altera_avalon_jtag_uart_write.o)
 .bss           0x00000000000cd420        0x0 BSP/\libhal_bsp.a(altera_avalon_timer_sc.o)
 .bss           0x00000000000cd420        0x0 BSP/\libhal_bsp.a(altera_up_avalon_audio.o)
 .bss           0x00000000000cd420        0x0 BSP/\libhal_bsp.a(altera_up_avalon_ps2.o)
 .bss           0x00000000000cd420        0x0 BSP/\libhal_bsp.a(altera_up_avalon_video_dma_controller.o)
 .bss           0x00000000000cd420        0x0 BSP/\libhal_bsp.a(alt_alarm_start.o)
 .bss           0x00000000000cd420        0x0 BSP/\libhal_bsp.a(alt_close.o)
 .bss           0x00000000000cd420        0x0 BSP/\libhal_bsp.a(alt_dcache_flush_all.o)
 .bss           0x00000000000cd420        0x0 BSP/\libhal_bsp.a(alt_dev.o)
 .bss           0x00000000000cd420        0x0 BSP/\libhal_bsp.a(alt_dev_llist_insert.o)
 .bss           0x00000000000cd420        0x0 BSP/\libhal_bsp.a(alt_do_ctors.o)
 .bss           0x00000000000cd420        0x0 BSP/\libhal_bsp.a(alt_do_dtors.o)
 .bss           0x00000000000cd420        0x0 BSP/\libhal_bsp.a(alt_errno.o)
 .bss           0x00000000000cd420        0x0 BSP/\libhal_bsp.a(alt_find_dev.o)
 .bss           0x00000000000cd420        0x0 BSP/\libhal_bsp.a(alt_icache_flush_all.o)
 .bss           0x00000000000cd420        0x0 BSP/\libhal_bsp.a(alt_io_redirect.o)
 .bss           0x00000000000cd420        0x0 BSP/\libhal_bsp.a(alt_irq_entry.o)
 .bss           0x00000000000cd420        0x0 BSP/\libhal_bsp.a(alt_irq_handler.o)
 .bss           0x00000000000cd420        0x0 BSP/\libhal_bsp.a(alt_open.o)
 .bss           0x00000000000cd420        0x0 BSP/\libhal_bsp.a(alt_release_fd.o)
 .bss           0x00000000000cd420        0x0 BSP/\libhal_bsp.a(alt_tick.o)
 .bss           0x00000000000cd420        0x0 BSP/\libhal_bsp.a(altera_nios2_gen2_irq.o)
 .bss           0x00000000000cd420        0x0 BSP/\libhal_bsp.a(alt_exception_entry.o)
 .bss           0x00000000000cd420        0x0 BSP/\libhal_bsp.a(alt_find_file.o)
 .bss           0x00000000000cd420        0x0 BSP/\libhal_bsp.a(alt_get_fd.o)
 .bss           0x00000000000cd420        0x0 BSP/\libhal_bsp.a(alt_icache_flush.o)
 .bss           0x00000000000cd420        0x0 BSP/\libhal_bsp.a(alt_instruction_exception_entry.o)
 .bss           0x00000000000cd420        0x0 BSP//newlib/nios2-elf/lib\libc.a(lib_a-atexit.o)
 .bss           0x00000000000cd420        0x0 BSP//newlib/nios2-elf/lib\libc.a(lib_a-exit.o)
 .bss           0x00000000000cd420        0x0 BSP//newlib/nios2-elf/lib\libc.a(lib_a-int_errno.o)
 .bss           0x00000000000cd420        0x0 BSP//newlib/nios2-elf/lib\libc.a(lib_a-memcmp.o)
 .bss           0x00000000000cd420        0x0 BSP//newlib/nios2-elf/lib\libc.a(lib_a-putc.o)
 .bss           0x00000000000cd420        0x0 BSP//newlib/nios2-elf/lib\libc.a(lib_a-strlen.o)
 .bss           0x00000000000cd420        0x0 BSP//newlib/nios2-elf/lib\libc.a(lib_a-wbuf.o)
 .bss           0x00000000000cd420        0x0 BSP//newlib/nios2-elf/lib\libc.a(lib_a-wsetup.o)
 .bss           0x00000000000cd420        0x0 BSP//newlib/nios2-elf/lib\libc.a(lib_a-__atexit.o)
 .bss           0x00000000000cd420        0x0 BSP//newlib/nios2-elf/lib\libc.a(lib_a-__call_atexit.o)
 .bss           0x00000000000cd420        0x0 BSP//newlib/nios2-elf/lib\libc.a(lib_a-fflush.o)
 .bss           0x00000000000cd420        0x0 BSP//newlib/nios2-elf/lib\libc.a(lib_a-findfp.o)
 .bss           0x00000000000cd420        0x0 BSP//newlib/nios2-elf/lib\libc.a(lib_a-freer.o)
 .bss           0x00000000000cd420        0x0 BSP//newlib/nios2-elf/lib\libc.a(lib_a-fwalk.o)
 .bss           0x00000000000cd420        0x0 BSP//newlib/nios2-elf/lib\libc.a(lib_a-makebuf.o)
 .bss           0x00000000000cd420        0x0 BSP//newlib/nios2-elf/lib\libc.a(lib_a-mallocr.o)
 .bss.__malloc_current_mallinfo
                0x00000000000cd420       0x28 BSP//newlib/nios2-elf/lib\libc.a(lib_a-mallocr.o)
                0x00000000000cd420                __malloc_current_mallinfo
 .bss           0x00000000000cd448        0x0 BSP//newlib/nios2-elf/lib\libc.a(lib_a-memset.o)
 .bss           0x00000000000cd448        0x0 BSP//newlib/nios2-elf/lib\libc.a(lib_a-sbrkr.o)
 .bss           0x00000000000cd448        0x0 BSP//newlib/nios2-elf/lib\libc.a(lib_a-stdio.o)
 .bss           0x00000000000cd448        0x0 BSP//newlib/nios2-elf/lib\libc.a(lib_a-writer.o)
 .bss           0x00000000000cd448        0x0 BSP//newlib/nios2-elf/lib\libc.a(closer.o)
 .bss           0x00000000000cd448        0x0 BSP//newlib/nios2-elf/lib\libc.a(lib_a-fclose.o)
 .bss           0x00000000000cd448        0x0 BSP//newlib/nios2-elf/lib\libc.a(lib_a-fstatr.o)
 .bss           0x00000000000cd448        0x0 BSP//newlib/nios2-elf/lib\libc.a(lib_a-isattyr.o)
 .bss           0x00000000000cd448        0x0 BSP//newlib/nios2-elf/lib\libc.a(lib_a-lseekr.o)
 .bss           0x00000000000cd448        0x0 BSP//newlib/nios2-elf/lib\libc.a(lib_a-readr.o)
 .bss           0x00000000000cd448        0x0 BSP/\libhal_bsp.a(alt_exit.o)
 .bss           0x00000000000cd448        0x0 BSP/\libhal_bsp.a(alt_fstat.o)
 .bss           0x00000000000cd448        0x0 BSP/\libhal_bsp.a(alt_isatty.o)
 .bss           0x00000000000cd448        0x0 BSP/\libhal_bsp.a(alt_lseek.o)
 .bss           0x00000000000cd448        0x0 BSP/\libhal_bsp.a(alt_malloc_lock.o)
 .bss           0x00000000000cd448        0x0 BSP/\libhal_bsp.a(alt_read.o)
 .bss           0x00000000000cd448        0x0 BSP/\libhal_bsp.a(alt_sbrk.o)
 .bss           0x00000000000cd448        0x0 BSP/\libhal_bsp.a(alt_write.o)
 *(COMMON)
 COMMON         0x00000000000cd448       0x68 obj/default/PS2_interrupt.o
                0x00000000000cd448                circles
 COMMON         0x00000000000cd4b0      0x100 BSP/\libhal_bsp.a(alt_irq_handler.o)
                0x00000000000cd4b0                alt_irq
                0x00000000000cd5b0                . = ALIGN (0x4)
                0x00000000000cd5b0                __bss_end = ABSOLUTE (.)

.SDRAM          0x00000000000cd5b0        0x0
                [!provide]                        PROVIDE (_alt_partition_SDRAM_start, ABSOLUTE (.))
 *(.SDRAM .SDRAM. SDRAM.*)
                0x00000000000cd5b0                . = ALIGN (0x4)
                [!provide]                        PROVIDE (_alt_partition_SDRAM_end, ABSOLUTE (.))
                0x00000000000cd5b0                _end = ABSOLUTE (.)
                0x00000000000cd5b0                end = ABSOLUTE (.)
                0x00000000000cd5b0                __alt_stack_base = ABSOLUTE (.)
                [!provide]                        PROVIDE (_alt_partition_SDRAM_load_addr, LOADADDR (.SDRAM))

.Onchip_SRAM    0x0000000008000000        0x0 load address 0x00000000000cd5b0
                [!provide]                        PROVIDE (_alt_partition_Onchip_SRAM_start, ABSOLUTE (.))
 *(.Onchip_SRAM .Onchip_SRAM. Onchip_SRAM.*)
                0x0000000008000000                . = ALIGN (0x4)
                [!provide]                        PROVIDE (_alt_partition_Onchip_SRAM_end, ABSOLUTE (.))
                [!provide]                        PROVIDE (_alt_partition_Onchip_SRAM_load_addr, LOADADDR (.Onchip_SRAM))

.VGA_Subsystem_Char_Buf_Subsystem_Onchip_SRAM
                0x0000000009000000        0x0 load address 0x00000000000cd5b0
                [!provide]                        PROVIDE (_alt_partition_VGA_Subsystem_Char_Buf_Subsystem_Onchip_SRAM_start, ABSOLUTE (.))
 *(.VGA_Subsystem_Char_Buf_Subsystem_Onchip_SRAM .VGA_Subsystem_Char_Buf_Subsystem_Onchip_SRAM. VGA_Subsystem_Char_Buf_Subsystem_Onchip_SRAM.*)
                0x0000000009000000                . = ALIGN (0x4)
                [!provide]                        PROVIDE (_alt_partition_VGA_Subsystem_Char_Buf_Subsystem_Onchip_SRAM_end, ABSOLUTE (.))
                [!provide]                        PROVIDE (_alt_partition_VGA_Subsystem_Char_Buf_Subsystem_Onchip_SRAM_load_addr, LOADADDR (.VGA_Subsystem_Char_Buf_Subsystem_Onchip_SRAM))

.stab
 *(.stab)

.stabstr
 *(.stabstr)

.stab.excl
 *(.stab.excl)

.stab.exclstr
 *(.stab.exclstr)

.stab.index
 *(.stab.index)

.stab.indexstr
 *(.stab.indexstr)

.comment        0x0000000000000000       0x23
 *(.comment)
 .comment       0x0000000000000000       0x23 obj/default/PS2_ISR.o
                                         0x24 (size before relaxing)
 .comment       0x0000000000000023       0x24 obj/default/PS2_interrupt.o
 .comment       0x0000000000000023       0x24 obj/default/audio_ISR.o
 .comment       0x0000000000000023       0x24 obj/default/globals.o
 .comment       0x0000000000000023       0x24 obj/default/interval_timer_ISR.o
 .comment       0x0000000000000023       0x24 obj/default/physics.o
 .comment       0x0000000000000023       0x24 BSP//newlib/nios2-elf/lib\libc.a(lib_a-memcpy.o)
 .comment       0x0000000000000023       0x24 BSP//newlib/nios2-elf/lib\libc.a(lib_a-rand.o)
 .comment       0x0000000000000023       0x24 BSP//newlib/nios2-elf/lib\libc.a(lib_a-impure.o)
 .comment       0x0000000000000023       0x24 BSP/\libhal_bsp.a(alt_irq_register.o)
 .comment       0x0000000000000023       0x24 BSP/\libhal_bsp.a(alt_irq_vars.o)
 .comment       0x0000000000000023       0x24 BSP/\libhal_bsp.a(alt_load.o)
 .comment       0x0000000000000023       0x24 BSP/\libhal_bsp.a(alt_main.o)
 .comment       0x0000000000000023       0x24 BSP/\libhal_bsp.a(alt_printf.o)
 .comment       0x0000000000000023       0x24 BSP/\libhal_bsp.a(alt_putchar.o)
 .comment       0x0000000000000023       0x24 BSP/\libhal_bsp.a(alt_sys_init.o)
 .comment       0x0000000000000023       0x24 BSP/\libhal_bsp.a(altera_avalon_jtag_uart_fd.o)
 .comment       0x0000000000000023       0x24 BSP/\libhal_bsp.a(altera_avalon_jtag_uart_init.o)
 .comment       0x0000000000000023       0x24 BSP/\libhal_bsp.a(altera_avalon_jtag_uart_ioctl.o)
 .comment       0x0000000000000023       0x24 BSP/\libhal_bsp.a(altera_avalon_jtag_uart_read.o)
 .comment       0x0000000000000023       0x24 BSP/\libhal_bsp.a(altera_avalon_jtag_uart_write.o)
 .comment       0x0000000000000023       0x24 BSP/\libhal_bsp.a(altera_avalon_timer_sc.o)
 .comment       0x0000000000000023       0x24 BSP/\libhal_bsp.a(altera_up_avalon_audio.o)
 .comment       0x0000000000000023       0x24 BSP/\libhal_bsp.a(altera_up_avalon_ps2.o)
 .comment       0x0000000000000023       0x24 BSP/\libhal_bsp.a(altera_up_avalon_video_dma_controller.o)
 .comment       0x0000000000000023       0x24 BSP/\libhal_bsp.a(alt_alarm_start.o)
 .comment       0x0000000000000023       0x24 BSP/\libhal_bsp.a(alt_close.o)
 .comment       0x0000000000000023       0x24 BSP/\libhal_bsp.a(alt_dcache_flush_all.o)
 .comment       0x0000000000000023       0x24 BSP/\libhal_bsp.a(alt_dev.o)
 .comment       0x0000000000000023       0x24 BSP/\libhal_bsp.a(alt_dev_llist_insert.o)
 .comment       0x0000000000000023       0x24 BSP/\libhal_bsp.a(alt_do_ctors.o)
 .comment       0x0000000000000023       0x24 BSP/\libhal_bsp.a(alt_do_dtors.o)
 .comment       0x0000000000000023       0x24 BSP/\libhal_bsp.a(alt_errno.o)
 .comment       0x0000000000000023       0x24 BSP/\libhal_bsp.a(alt_find_dev.o)
 .comment       0x0000000000000023       0x24 BSP/\libhal_bsp.a(alt_icache_flush_all.o)
 .comment       0x0000000000000023       0x24 BSP/\libhal_bsp.a(alt_io_redirect.o)
 .comment       0x0000000000000023       0x24 BSP/\libhal_bsp.a(alt_irq_handler.o)
 .comment       0x0000000000000023       0x24 BSP/\libhal_bsp.a(alt_open.o)
 .comment       0x0000000000000023       0x24 BSP/\libhal_bsp.a(alt_release_fd.o)
 .comment       0x0000000000000023       0x24 BSP/\libhal_bsp.a(alt_tick.o)
 .comment       0x0000000000000023       0x24 BSP/\libhal_bsp.a(altera_nios2_gen2_irq.o)
 .comment       0x0000000000000023       0x24 BSP/\libhal_bsp.a(alt_find_file.o)
 .comment       0x0000000000000023       0x24 BSP/\libhal_bsp.a(alt_get_fd.o)
 .comment       0x0000000000000023       0x24 BSP/\libhal_bsp.a(alt_icache_flush.o)
 .comment       0x0000000000000023       0x24 BSP/\libhal_bsp.a(alt_instruction_exception_entry.o)
 .comment       0x0000000000000023       0x24 BSP//newlib/nios2-elf/lib\libc.a(lib_a-atexit.o)
 .comment       0x0000000000000023       0x24 BSP//newlib/nios2-elf/lib\libc.a(lib_a-exit.o)
 .comment       0x0000000000000023       0x24 BSP//newlib/nios2-elf/lib\libc.a(lib_a-int_errno.o)
 .comment       0x0000000000000023       0x24 BSP//newlib/nios2-elf/lib\libc.a(lib_a-memcmp.o)
 .comment       0x0000000000000023       0x24 BSP//newlib/nios2-elf/lib\libc.a(lib_a-putc.o)
 .comment       0x0000000000000023       0x24 BSP//newlib/nios2-elf/lib\libc.a(lib_a-strlen.o)
 .comment       0x0000000000000023       0x24 BSP//newlib/nios2-elf/lib\libc.a(lib_a-wbuf.o)
 .comment       0x0000000000000023       0x24 BSP//newlib/nios2-elf/lib\libc.a(lib_a-wsetup.o)
 .comment       0x0000000000000023       0x24 BSP//newlib/nios2-elf/lib\libc.a(lib_a-__atexit.o)
 .comment       0x0000000000000023       0x24 BSP//newlib/nios2-elf/lib\libc.a(lib_a-__call_atexit.o)
 .comment       0x0000000000000023       0x24 BSP//newlib/nios2-elf/lib\libc.a(lib_a-fflush.o)
 .comment       0x0000000000000023       0x24 BSP//newlib/nios2-elf/lib\libc.a(lib_a-findfp.o)
 .comment       0x0000000000000023       0x24 BSP//newlib/nios2-elf/lib\libc.a(lib_a-freer.o)
 .comment       0x0000000000000023       0x24 BSP//newlib/nios2-elf/lib\libc.a(lib_a-fwalk.o)
 .comment       0x0000000000000023       0x24 BSP//newlib/nios2-elf/lib\libc.a(lib_a-makebuf.o)
 .comment       0x0000000000000023       0x24 BSP//newlib/nios2-elf/lib\libc.a(lib_a-mallocr.o)
 .comment       0x0000000000000023       0x24 BSP//newlib/nios2-elf/lib\libc.a(lib_a-memset.o)
 .comment       0x0000000000000023       0x24 BSP//newlib/nios2-elf/lib\libc.a(lib_a-sbrkr.o)
 .comment       0x0000000000000023       0x24 BSP//newlib/nios2-elf/lib\libc.a(lib_a-stdio.o)
 .comment       0x0000000000000023       0x24 BSP//newlib/nios2-elf/lib\libc.a(lib_a-writer.o)
 .comment       0x0000000000000023       0x24 BSP//newlib/nios2-elf/lib\libc.a(closer.o)
 .comment       0x0000000000000023       0x24 BSP//newlib/nios2-elf/lib\libc.a(lib_a-fclose.o)
 .comment       0x0000000000000023       0x24 BSP//newlib/nios2-elf/lib\libc.a(lib_a-fstatr.o)
 .comment       0x0000000000000023       0x24 BSP//newlib/nios2-elf/lib\libc.a(lib_a-isattyr.o)
 .comment       0x0000000000000023       0x24 BSP//newlib/nios2-elf/lib\libc.a(lib_a-lseekr.o)
 .comment       0x0000000000000023       0x24 BSP//newlib/nios2-elf/lib\libc.a(lib_a-readr.o)
 .comment       0x0000000000000023       0x24 BSP/\libhal_bsp.a(alt_exit.o)
 .comment       0x0000000000000023       0x24 BSP/\libhal_bsp.a(alt_fstat.o)
 .comment       0x0000000000000023       0x24 BSP/\libhal_bsp.a(alt_isatty.o)
 .comment       0x0000000000000023       0x24 BSP/\libhal_bsp.a(alt_lseek.o)
 .comment       0x0000000000000023       0x24 BSP/\libhal_bsp.a(alt_malloc_lock.o)
 .comment       0x0000000000000023       0x24 BSP/\libhal_bsp.a(alt_read.o)
 .comment       0x0000000000000023       0x24 BSP/\libhal_bsp.a(alt_sbrk.o)
 .comment       0x0000000000000023       0x24 BSP/\libhal_bsp.a(alt_write.o)

.debug
 *(.debug)

.line
 *(.line)

.debug_srcinfo
 *(.debug_srcinfo)

.debug_sfnames
 *(.debug_sfnames)

.debug_aranges  0x0000000000000000      0xb00
 *(.debug_aranges)
 .debug_aranges
                0x0000000000000000       0x28 BSP//obj/HAL/src/crt0.o
 .debug_aranges
                0x0000000000000028       0x20 obj/default/PS2_ISR.o
 .debug_aranges
                0x0000000000000048       0x20 obj/default/PS2_interrupt.o
 .debug_aranges
                0x0000000000000068       0x20 obj/default/audio_ISR.o
 .debug_aranges
                0x0000000000000088       0x18 obj/default/globals.o
 .debug_aranges
                0x00000000000000a0       0x20 obj/default/interval_timer_ISR.o
 .debug_aranges
                0x00000000000000c0       0x20 BSP//newlib/nios2-elf/lib\libc.a(lib_a-memcpy.o)
 .debug_aranges
                0x00000000000000e0       0x28 BSP//newlib/nios2-elf/lib\libc.a(lib_a-rand.o)
 .debug_aranges
                0x0000000000000108       0x18 BSP//newlib/nios2-elf/lib\libc.a(lib_a-impure.o)
 .debug_aranges
                0x0000000000000120       0x20 BSP/\libhal_bsp.a(alt_irq_register.o)
 .debug_aranges
                0x0000000000000140       0x18 BSP/\libhal_bsp.a(alt_irq_vars.o)
 .debug_aranges
                0x0000000000000158       0x20 BSP/\libhal_bsp.a(alt_load.o)
 .debug_aranges
                0x0000000000000178       0x20 BSP/\libhal_bsp.a(alt_main.o)
 .debug_aranges
                0x0000000000000198       0x20 BSP/\libhal_bsp.a(alt_printf.o)
 .debug_aranges
                0x00000000000001b8       0x20 BSP/\libhal_bsp.a(alt_putchar.o)
 .debug_aranges
                0x00000000000001d8       0x20 BSP/\libhal_bsp.a(alt_sys_init.o)
 .debug_aranges
                0x00000000000001f8       0x20 BSP/\libhal_bsp.a(altera_avalon_jtag_uart_fd.o)
 .debug_aranges
                0x0000000000000218       0x20 BSP/\libhal_bsp.a(altera_avalon_jtag_uart_init.o)
 .debug_aranges
                0x0000000000000238       0x20 BSP/\libhal_bsp.a(altera_avalon_jtag_uart_ioctl.o)
 .debug_aranges
                0x0000000000000258       0x20 BSP/\libhal_bsp.a(altera_avalon_jtag_uart_read.o)
 .debug_aranges
                0x0000000000000278       0x20 BSP/\libhal_bsp.a(altera_avalon_jtag_uart_write.o)
 .debug_aranges
                0x0000000000000298       0x20 BSP/\libhal_bsp.a(altera_avalon_timer_sc.o)
 .debug_aranges
                0x00000000000002b8       0x20 BSP/\libhal_bsp.a(altera_up_avalon_audio.o)
 .debug_aranges
                0x00000000000002d8       0x20 BSP/\libhal_bsp.a(altera_up_avalon_ps2.o)
 .debug_aranges
                0x00000000000002f8       0x20 BSP/\libhal_bsp.a(altera_up_avalon_video_dma_controller.o)
 .debug_aranges
                0x0000000000000318       0x20 BSP/\libhal_bsp.a(alt_alarm_start.o)
 .debug_aranges
                0x0000000000000338       0x20 BSP/\libhal_bsp.a(alt_close.o)
 .debug_aranges
                0x0000000000000358       0x20 BSP/\libhal_bsp.a(alt_dcache_flush_all.o)
 .debug_aranges
                0x0000000000000378       0x20 BSP/\libhal_bsp.a(alt_dev.o)
 .debug_aranges
                0x0000000000000398       0x20 BSP/\libhal_bsp.a(alt_dev_llist_insert.o)
 .debug_aranges
                0x00000000000003b8       0x20 BSP/\libhal_bsp.a(alt_do_ctors.o)
 .debug_aranges
                0x00000000000003d8       0x20 BSP/\libhal_bsp.a(alt_do_dtors.o)
 .debug_aranges
                0x00000000000003f8       0x18 BSP/\libhal_bsp.a(alt_errno.o)
 .debug_aranges
                0x0000000000000410       0x20 BSP/\libhal_bsp.a(alt_find_dev.o)
 .debug_aranges
                0x0000000000000430       0x20 BSP/\libhal_bsp.a(alt_icache_flush_all.o)
 .debug_aranges
                0x0000000000000450       0x20 BSP/\libhal_bsp.a(alt_io_redirect.o)
 .debug_aranges
                0x0000000000000470       0x30 BSP/\libhal_bsp.a(alt_irq_entry.o)
 .debug_aranges
                0x00000000000004a0       0x20 BSP/\libhal_bsp.a(alt_irq_handler.o)
 .debug_aranges
                0x00000000000004c0       0x20 BSP/\libhal_bsp.a(alt_open.o)
 .debug_aranges
                0x00000000000004e0       0x20 BSP/\libhal_bsp.a(alt_release_fd.o)
 .debug_aranges
                0x0000000000000500       0x20 BSP/\libhal_bsp.a(alt_tick.o)
 .debug_aranges
                0x0000000000000520       0x20 BSP/\libhal_bsp.a(altera_nios2_gen2_irq.o)
 .debug_aranges
                0x0000000000000540       0x38 BSP/\libhal_bsp.a(alt_exception_entry.o)
 .debug_aranges
                0x0000000000000578       0x20 BSP/\libhal_bsp.a(alt_find_file.o)
 .debug_aranges
                0x0000000000000598       0x20 BSP/\libhal_bsp.a(alt_get_fd.o)
 .debug_aranges
                0x00000000000005b8       0x20 BSP/\libhal_bsp.a(alt_icache_flush.o)
 .debug_aranges
                0x00000000000005d8       0x28 BSP/\libhal_bsp.a(alt_instruction_exception_entry.o)
 .debug_aranges
                0x0000000000000600       0x20 BSP//newlib/nios2-elf/lib\libc.a(lib_a-atexit.o)
 .debug_aranges
                0x0000000000000620       0x20 BSP//newlib/nios2-elf/lib\libc.a(lib_a-exit.o)
 .debug_aranges
                0x0000000000000640       0x18 BSP//newlib/nios2-elf/lib\libc.a(lib_a-int_errno.o)
 .debug_aranges
                0x0000000000000658       0x20 BSP//newlib/nios2-elf/lib\libc.a(lib_a-memcmp.o)
 .debug_aranges
                0x0000000000000678       0x28 BSP//newlib/nios2-elf/lib\libc.a(lib_a-putc.o)
 .debug_aranges
                0x00000000000006a0       0x20 BSP//newlib/nios2-elf/lib\libc.a(lib_a-strlen.o)
 .debug_aranges
                0x00000000000006c0       0x28 BSP//newlib/nios2-elf/lib\libc.a(lib_a-wbuf.o)
 .debug_aranges
                0x00000000000006e8       0x20 BSP//newlib/nios2-elf/lib\libc.a(lib_a-wsetup.o)
 .debug_aranges
                0x0000000000000708       0x20 BSP//newlib/nios2-elf/lib\libc.a(lib_a-__atexit.o)
 .debug_aranges
                0x0000000000000728       0x20 BSP//newlib/nios2-elf/lib\libc.a(lib_a-__call_atexit.o)
 .debug_aranges
                0x0000000000000748       0x30 BSP//newlib/nios2-elf/lib\libc.a(lib_a-fflush.o)
 .debug_aranges
                0x0000000000000778       0x88 BSP//newlib/nios2-elf/lib\libc.a(lib_a-findfp.o)
 .debug_aranges
                0x0000000000000800       0x28 BSP//newlib/nios2-elf/lib\libc.a(lib_a-freer.o)
 .debug_aranges
                0x0000000000000828       0x28 BSP//newlib/nios2-elf/lib\libc.a(lib_a-fwalk.o)
 .debug_aranges
                0x0000000000000850       0x20 BSP//newlib/nios2-elf/lib\libc.a(lib_a-makebuf.o)
 .debug_aranges
                0x0000000000000870       0x28 BSP//newlib/nios2-elf/lib\libc.a(lib_a-mallocr.o)
 .debug_aranges
                0x0000000000000898       0x20 BSP//newlib/nios2-elf/lib\libc.a(lib_a-memset.o)
 .debug_aranges
                0x00000000000008b8       0x20 BSP//newlib/nios2-elf/lib\libc.a(lib_a-sbrkr.o)
 .debug_aranges
                0x00000000000008d8       0x40 BSP//newlib/nios2-elf/lib\libc.a(lib_a-stdio.o)
 .debug_aranges
                0x0000000000000918       0x20 BSP//newlib/nios2-elf/lib\libc.a(lib_a-writer.o)
 .debug_aranges
                0x0000000000000938       0x20 BSP//newlib/nios2-elf/lib\libc.a(closer.o)
 .debug_aranges
                0x0000000000000958       0x28 BSP//newlib/nios2-elf/lib\libc.a(lib_a-fclose.o)
 .debug_aranges
                0x0000000000000980       0x20 BSP//newlib/nios2-elf/lib\libc.a(lib_a-fstatr.o)
 .debug_aranges
                0x00000000000009a0       0x20 BSP//newlib/nios2-elf/lib\libc.a(lib_a-isattyr.o)
 .debug_aranges
                0x00000000000009c0       0x20 BSP//newlib/nios2-elf/lib\libc.a(lib_a-lseekr.o)
 .debug_aranges
                0x00000000000009e0       0x20 BSP//newlib/nios2-elf/lib\libc.a(lib_a-readr.o)
 .debug_aranges
                0x0000000000000a00       0x20 BSP/\libhal_bsp.a(alt_exit.o)
 .debug_aranges
                0x0000000000000a20       0x20 BSP/\libhal_bsp.a(alt_fstat.o)
 .debug_aranges
                0x0000000000000a40       0x20 BSP/\libhal_bsp.a(alt_isatty.o)
 .debug_aranges
                0x0000000000000a60       0x20 BSP/\libhal_bsp.a(alt_lseek.o)
 .debug_aranges
                0x0000000000000a80       0x20 BSP/\libhal_bsp.a(alt_malloc_lock.o)
 .debug_aranges
                0x0000000000000aa0       0x20 BSP/\libhal_bsp.a(alt_read.o)
 .debug_aranges
                0x0000000000000ac0       0x20 BSP/\libhal_bsp.a(alt_sbrk.o)
 .debug_aranges
                0x0000000000000ae0       0x20 BSP/\libhal_bsp.a(alt_write.o)

.debug_pubnames
 *(.debug_pubnames)

.debug_info     0x0000000000000000    0x1a510
 *(.debug_info .gnu.linkonce.wi.*)
 .debug_info    0x0000000000000000       0x90 BSP//obj/HAL/src/crt0.o
 .debug_info    0x0000000000000090      0x4b0 obj/default/PS2_ISR.o
 .debug_info    0x0000000000000540     0x1ad8 obj/default/PS2_interrupt.o
 .debug_info    0x0000000000002018      0x444 obj/default/audio_ISR.o
 .debug_info    0x000000000000245c      0x596 obj/default/globals.o
 .debug_info    0x00000000000029f2      0x4a3 obj/default/interval_timer_ISR.o
 .debug_info    0x0000000000002e95      0x139 BSP//newlib/nios2-elf/lib\libc.a(lib_a-memcpy.o)
 .debug_info    0x0000000000002fce      0x8d6 BSP//newlib/nios2-elf/lib\libc.a(lib_a-rand.o)
 .debug_info    0x00000000000038a4      0x89d BSP//newlib/nios2-elf/lib\libc.a(lib_a-impure.o)
 .debug_info    0x0000000000004141      0x329 BSP/\libhal_bsp.a(alt_irq_register.o)
 .debug_info    0x000000000000446a       0x88 BSP/\libhal_bsp.a(alt_irq_vars.o)
 .debug_info    0x00000000000044f2      0x145 BSP/\libhal_bsp.a(alt_load.o)
 .debug_info    0x0000000000004637      0x157 BSP/\libhal_bsp.a(alt_main.o)
 .debug_info    0x000000000000478e      0x119 BSP/\libhal_bsp.a(alt_printf.o)
 .debug_info    0x00000000000048a7      0x8a6 BSP/\libhal_bsp.a(alt_putchar.o)
 .debug_info    0x000000000000514d      0x84d BSP/\libhal_bsp.a(alt_sys_init.o)
 .debug_info    0x000000000000599a      0x52e BSP/\libhal_bsp.a(altera_avalon_jtag_uart_fd.o)
 .debug_info    0x0000000000005ec8      0x3c3 BSP/\libhal_bsp.a(altera_avalon_jtag_uart_init.o)
 .debug_info    0x000000000000628b      0x280 BSP/\libhal_bsp.a(altera_avalon_jtag_uart_ioctl.o)
 .debug_info    0x000000000000650b      0x35b BSP/\libhal_bsp.a(altera_avalon_jtag_uart_read.o)
 .debug_info    0x0000000000006866      0x356 BSP/\libhal_bsp.a(altera_avalon_jtag_uart_write.o)
 .debug_info    0x0000000000006bbc      0x249 BSP/\libhal_bsp.a(altera_avalon_timer_sc.o)
 .debug_info    0x0000000000006e05      0x796 BSP/\libhal_bsp.a(altera_up_avalon_audio.o)
 .debug_info    0x000000000000759b      0x7d4 BSP/\libhal_bsp.a(altera_up_avalon_ps2.o)
 .debug_info    0x0000000000007d6f      0xce1 BSP/\libhal_bsp.a(altera_up_avalon_video_dma_controller.o)
 .debug_info    0x0000000000008a50      0x2e2 BSP/\libhal_bsp.a(alt_alarm_start.o)
 .debug_info    0x0000000000008d32      0x321 BSP/\libhal_bsp.a(alt_close.o)
 .debug_info    0x0000000000009053       0x92 BSP/\libhal_bsp.a(alt_dcache_flush_all.o)
 .debug_info    0x00000000000090e5      0x49c BSP/\libhal_bsp.a(alt_dev.o)
 .debug_info    0x0000000000009581      0x1a9 BSP/\libhal_bsp.a(alt_dev_llist_insert.o)
 .debug_info    0x000000000000972a       0x83 BSP/\libhal_bsp.a(alt_do_ctors.o)
 .debug_info    0x00000000000097ad       0x83 BSP/\libhal_bsp.a(alt_do_dtors.o)
 .debug_info    0x0000000000009830       0xa6 BSP/\libhal_bsp.a(alt_errno.o)
 .debug_info    0x00000000000098d6      0x2e9 BSP/\libhal_bsp.a(alt_find_dev.o)
 .debug_info    0x0000000000009bbf       0x92 BSP/\libhal_bsp.a(alt_icache_flush_all.o)
 .debug_info    0x0000000000009c51      0x4a5 BSP/\libhal_bsp.a(alt_io_redirect.o)
 .debug_info    0x000000000000a0f6       0x99 BSP/\libhal_bsp.a(alt_irq_entry.o)
 .debug_info    0x000000000000a18f      0x1a7 BSP/\libhal_bsp.a(alt_irq_handler.o)
 .debug_info    0x000000000000a336      0x3bb BSP/\libhal_bsp.a(alt_open.o)
 .debug_info    0x000000000000a6f1      0x2b0 BSP/\libhal_bsp.a(alt_release_fd.o)
 .debug_info    0x000000000000a9a1      0x2af BSP/\libhal_bsp.a(alt_tick.o)
 .debug_info    0x000000000000ac50       0xb8 BSP/\libhal_bsp.a(altera_nios2_gen2_irq.o)
 .debug_info    0x000000000000ad08       0x9f BSP/\libhal_bsp.a(alt_exception_entry.o)
 .debug_info    0x000000000000ada7      0x2e6 BSP/\libhal_bsp.a(alt_find_file.o)
 .debug_info    0x000000000000b08d      0x310 BSP/\libhal_bsp.a(alt_get_fd.o)
 .debug_info    0x000000000000b39d       0xdc BSP/\libhal_bsp.a(alt_icache_flush.o)
 .debug_info    0x000000000000b479      0x1e7 BSP/\libhal_bsp.a(alt_instruction_exception_entry.o)
 .debug_info    0x000000000000b660       0xca BSP//newlib/nios2-elf/lib\libc.a(lib_a-atexit.o)
 .debug_info    0x000000000000b72a      0x8a0 BSP//newlib/nios2-elf/lib\libc.a(lib_a-exit.o)
 .debug_info    0x000000000000bfca       0x86 BSP//newlib/nios2-elf/lib\libc.a(lib_a-int_errno.o)
 .debug_info    0x000000000000c050      0x10f BSP//newlib/nios2-elf/lib\libc.a(lib_a-memcmp.o)
 .debug_info    0x000000000000c15f      0x95a BSP//newlib/nios2-elf/lib\libc.a(lib_a-putc.o)
 .debug_info    0x000000000000cab9       0xdd BSP//newlib/nios2-elf/lib\libc.a(lib_a-strlen.o)
 .debug_info    0x000000000000cb96      0x921 BSP//newlib/nios2-elf/lib\libc.a(lib_a-wbuf.o)
 .debug_info    0x000000000000d4b7      0x8d9 BSP//newlib/nios2-elf/lib\libc.a(lib_a-wsetup.o)
 .debug_info    0x000000000000dd90      0x90d BSP//newlib/nios2-elf/lib\libc.a(lib_a-__atexit.o)
 .debug_info    0x000000000000e69d      0x936 BSP//newlib/nios2-elf/lib\libc.a(lib_a-__call_atexit.o)
 .debug_info    0x000000000000efd3      0x9c0 BSP//newlib/nios2-elf/lib\libc.a(lib_a-fflush.o)
 .debug_info    0x000000000000f993      0xbae BSP//newlib/nios2-elf/lib\libc.a(lib_a-findfp.o)
 .debug_info    0x0000000000010541      0xb01 BSP//newlib/nios2-elf/lib\libc.a(lib_a-freer.o)
 .debug_info    0x0000000000011042      0x978 BSP//newlib/nios2-elf/lib\libc.a(lib_a-fwalk.o)
 .debug_info    0x00000000000119ba      0xa51 BSP//newlib/nios2-elf/lib\libc.a(lib_a-makebuf.o)
 .debug_info    0x000000000001240b      0xbcb BSP//newlib/nios2-elf/lib\libc.a(lib_a-mallocr.o)
 .debug_info    0x0000000000012fd6      0x114 BSP//newlib/nios2-elf/lib\libc.a(lib_a-memset.o)
 .debug_info    0x00000000000130ea      0x8db BSP//newlib/nios2-elf/lib\libc.a(lib_a-sbrkr.o)
 .debug_info    0x00000000000139c5      0xa64 BSP//newlib/nios2-elf/lib\libc.a(lib_a-stdio.o)
 .debug_info    0x0000000000014429      0x8f7 BSP//newlib/nios2-elf/lib\libc.a(lib_a-writer.o)
 .debug_info    0x0000000000014d20      0x8be BSP//newlib/nios2-elf/lib\libc.a(closer.o)
 .debug_info    0x00000000000155de      0x90c BSP//newlib/nios2-elf/lib\libc.a(lib_a-fclose.o)
 .debug_info    0x0000000000015eea      0xa34 BSP//newlib/nios2-elf/lib\libc.a(lib_a-fstatr.o)
 .debug_info    0x000000000001691e      0x8be BSP//newlib/nios2-elf/lib\libc.a(lib_a-isattyr.o)
 .debug_info    0x00000000000171dc      0x8da BSP//newlib/nios2-elf/lib\libc.a(lib_a-lseekr.o)
 .debug_info    0x0000000000017ab6      0x8f0 BSP//newlib/nios2-elf/lib\libc.a(lib_a-readr.o)
 .debug_info    0x00000000000183a6      0x116 BSP/\libhal_bsp.a(alt_exit.o)
 .debug_info    0x00000000000184bc      0x488 BSP/\libhal_bsp.a(alt_fstat.o)
 .debug_info    0x0000000000018944      0x48b BSP/\libhal_bsp.a(alt_isatty.o)
 .debug_info    0x0000000000018dcf      0x352 BSP/\libhal_bsp.a(alt_lseek.o)
 .debug_info    0x0000000000019121      0x8b6 BSP/\libhal_bsp.a(alt_malloc_lock.o)
 .debug_info    0x00000000000199d7      0x4b0 BSP/\libhal_bsp.a(alt_read.o)
 .debug_info    0x0000000000019e87      0x1d2 BSP/\libhal_bsp.a(alt_sbrk.o)
 .debug_info    0x000000000001a059      0x4b7 BSP/\libhal_bsp.a(alt_write.o)

.debug_abbrev   0x0000000000000000     0x6427
 *(.debug_abbrev)
 .debug_abbrev  0x0000000000000000       0x12 BSP//obj/HAL/src/crt0.o
 .debug_abbrev  0x0000000000000012      0x10d obj/default/PS2_ISR.o
 .debug_abbrev  0x000000000000011f      0x2cc obj/default/PS2_interrupt.o
 .debug_abbrev  0x00000000000003eb      0x124 obj/default/audio_ISR.o
 .debug_abbrev  0x000000000000050f       0xf6 obj/default/globals.o
 .debug_abbrev  0x0000000000000605      0x148 obj/default/interval_timer_ISR.o
 .debug_abbrev  0x000000000000074d       0xa1 BSP//newlib/nios2-elf/lib\libc.a(lib_a-memcpy.o)
 .debug_abbrev  0x00000000000007ee      0x1d6 BSP//newlib/nios2-elf/lib\libc.a(lib_a-rand.o)
 .debug_abbrev  0x00000000000009c4      0x18d BSP//newlib/nios2-elf/lib\libc.a(lib_a-impure.o)
 .debug_abbrev  0x0000000000000b51      0x186 BSP/\libhal_bsp.a(alt_irq_register.o)
 .debug_abbrev  0x0000000000000cd7       0x40 BSP/\libhal_bsp.a(alt_irq_vars.o)
 .debug_abbrev  0x0000000000000d17       0x9f BSP/\libhal_bsp.a(alt_load.o)
 .debug_abbrev  0x0000000000000db6       0xc1 BSP/\libhal_bsp.a(alt_main.o)
 .debug_abbrev  0x0000000000000e77       0xb0 BSP/\libhal_bsp.a(alt_printf.o)
 .debug_abbrev  0x0000000000000f27      0x1af BSP/\libhal_bsp.a(alt_putchar.o)
 .debug_abbrev  0x00000000000010d6      0x19b BSP/\libhal_bsp.a(alt_sys_init.o)
 .debug_abbrev  0x0000000000001271      0x127 BSP/\libhal_bsp.a(altera_avalon_jtag_uart_fd.o)
 .debug_abbrev  0x0000000000001398      0x19e BSP/\libhal_bsp.a(altera_avalon_jtag_uart_init.o)
 .debug_abbrev  0x0000000000001536      0x111 BSP/\libhal_bsp.a(altera_avalon_jtag_uart_ioctl.o)
 .debug_abbrev  0x0000000000001647      0x1aa BSP/\libhal_bsp.a(altera_avalon_jtag_uart_read.o)
 .debug_abbrev  0x00000000000017f1      0x1a8 BSP/\libhal_bsp.a(altera_avalon_jtag_uart_write.o)
 .debug_abbrev  0x0000000000001999      0x155 BSP/\libhal_bsp.a(altera_avalon_timer_sc.o)
 .debug_abbrev  0x0000000000001aee      0x15e BSP/\libhal_bsp.a(altera_up_avalon_audio.o)
 .debug_abbrev  0x0000000000001c4c      0x1a1 BSP/\libhal_bsp.a(altera_up_avalon_ps2.o)
 .debug_abbrev  0x0000000000001ded      0x1e9 BSP/\libhal_bsp.a(altera_up_avalon_video_dma_controller.o)
 .debug_abbrev  0x0000000000001fd6      0x162 BSP/\libhal_bsp.a(alt_alarm_start.o)
 .debug_abbrev  0x0000000000002138      0x11f BSP/\libhal_bsp.a(alt_close.o)
 .debug_abbrev  0x0000000000002257       0x42 BSP/\libhal_bsp.a(alt_dcache_flush_all.o)
 .debug_abbrev  0x0000000000002299       0xd9 BSP/\libhal_bsp.a(alt_dev.o)
 .debug_abbrev  0x0000000000002372      0x114 BSP/\libhal_bsp.a(alt_dev_llist_insert.o)
 .debug_abbrev  0x0000000000002486       0x79 BSP/\libhal_bsp.a(alt_do_ctors.o)
 .debug_abbrev  0x00000000000024ff       0x79 BSP/\libhal_bsp.a(alt_do_dtors.o)
 .debug_abbrev  0x0000000000002578       0x5a BSP/\libhal_bsp.a(alt_errno.o)
 .debug_abbrev  0x00000000000025d2       0xf0 BSP/\libhal_bsp.a(alt_find_dev.o)
 .debug_abbrev  0x00000000000026c2       0x42 BSP/\libhal_bsp.a(alt_icache_flush_all.o)
 .debug_abbrev  0x0000000000002704      0x114 BSP/\libhal_bsp.a(alt_io_redirect.o)
 .debug_abbrev  0x0000000000002818       0x12 BSP/\libhal_bsp.a(alt_irq_entry.o)
 .debug_abbrev  0x000000000000282a      0x13a BSP/\libhal_bsp.a(alt_irq_handler.o)
 .debug_abbrev  0x0000000000002964      0x148 BSP/\libhal_bsp.a(alt_open.o)
 .debug_abbrev  0x0000000000002aac       0xde BSP/\libhal_bsp.a(alt_release_fd.o)
 .debug_abbrev  0x0000000000002b8a      0x16b BSP/\libhal_bsp.a(alt_tick.o)
 .debug_abbrev  0x0000000000002cf5       0x67 BSP/\libhal_bsp.a(altera_nios2_gen2_irq.o)
 .debug_abbrev  0x0000000000002d5c       0x12 BSP/\libhal_bsp.a(alt_exception_entry.o)
 .debug_abbrev  0x0000000000002d6e       0xf0 BSP/\libhal_bsp.a(alt_find_file.o)
 .debug_abbrev  0x0000000000002e5e      0x10d BSP/\libhal_bsp.a(alt_get_fd.o)
 .debug_abbrev  0x0000000000002f6b       0x8c BSP/\libhal_bsp.a(alt_icache_flush.o)
 .debug_abbrev  0x0000000000002ff7       0xdc BSP/\libhal_bsp.a(alt_instruction_exception_entry.o)
 .debug_abbrev  0x00000000000030d3       0x7b BSP//newlib/nios2-elf/lib\libc.a(lib_a-atexit.o)
 .debug_abbrev  0x000000000000314e      0x1ae BSP//newlib/nios2-elf/lib\libc.a(lib_a-exit.o)
 .debug_abbrev  0x00000000000032fc       0x35 BSP//newlib/nios2-elf/lib\libc.a(lib_a-int_errno.o)
 .debug_abbrev  0x0000000000003331       0x7d BSP//newlib/nios2-elf/lib\libc.a(lib_a-memcmp.o)
 .debug_abbrev  0x00000000000033ae      0x1e1 BSP//newlib/nios2-elf/lib\libc.a(lib_a-putc.o)
 .debug_abbrev  0x000000000000358f       0x7f BSP//newlib/nios2-elf/lib\libc.a(lib_a-strlen.o)
 .debug_abbrev  0x000000000000360e      0x1f0 BSP//newlib/nios2-elf/lib\libc.a(lib_a-wbuf.o)
 .debug_abbrev  0x00000000000037fe      0x1c5 BSP//newlib/nios2-elf/lib\libc.a(lib_a-wsetup.o)
 .debug_abbrev  0x00000000000039c3      0x1f4 BSP//newlib/nios2-elf/lib\libc.a(lib_a-__atexit.o)
 .debug_abbrev  0x0000000000003bb7      0x1ee BSP//newlib/nios2-elf/lib\libc.a(lib_a-__call_atexit.o)
 .debug_abbrev  0x0000000000003da5      0x21d BSP//newlib/nios2-elf/lib\libc.a(lib_a-fflush.o)
 .debug_abbrev  0x0000000000003fc2      0x2ba BSP//newlib/nios2-elf/lib\libc.a(lib_a-findfp.o)
 .debug_abbrev  0x000000000000427c      0x1fd BSP//newlib/nios2-elf/lib\libc.a(lib_a-freer.o)
 .debug_abbrev  0x0000000000004479      0x1ba BSP//newlib/nios2-elf/lib\libc.a(lib_a-fwalk.o)
 .debug_abbrev  0x0000000000004633      0x1b8 BSP//newlib/nios2-elf/lib\libc.a(lib_a-makebuf.o)
 .debug_abbrev  0x00000000000047eb      0x1fb BSP//newlib/nios2-elf/lib\libc.a(lib_a-mallocr.o)
 .debug_abbrev  0x00000000000049e6       0x8e BSP//newlib/nios2-elf/lib\libc.a(lib_a-memset.o)
 .debug_abbrev  0x0000000000004a74      0x1de BSP//newlib/nios2-elf/lib\libc.a(lib_a-sbrkr.o)
 .debug_abbrev  0x0000000000004c52      0x1f0 BSP//newlib/nios2-elf/lib\libc.a(lib_a-stdio.o)
 .debug_abbrev  0x0000000000004e42      0x1c1 BSP//newlib/nios2-elf/lib\libc.a(lib_a-writer.o)
 .debug_abbrev  0x0000000000005003      0x1bc BSP//newlib/nios2-elf/lib\libc.a(closer.o)
 .debug_abbrev  0x00000000000051bf      0x1ff BSP//newlib/nios2-elf/lib\libc.a(lib_a-fclose.o)
 .debug_abbrev  0x00000000000053be      0x1cb BSP//newlib/nios2-elf/lib\libc.a(lib_a-fstatr.o)
 .debug_abbrev  0x0000000000005589      0x1bc BSP//newlib/nios2-elf/lib\libc.a(lib_a-isattyr.o)
 .debug_abbrev  0x0000000000005745      0x1cb BSP//newlib/nios2-elf/lib\libc.a(lib_a-lseekr.o)
 .debug_abbrev  0x0000000000005910      0x1bc BSP//newlib/nios2-elf/lib\libc.a(lib_a-readr.o)
 .debug_abbrev  0x0000000000005acc       0xd0 BSP/\libhal_bsp.a(alt_exit.o)
 .debug_abbrev  0x0000000000005b9c      0x11f BSP/\libhal_bsp.a(alt_fstat.o)
 .debug_abbrev  0x0000000000005cbb      0x11f BSP/\libhal_bsp.a(alt_isatty.o)
 .debug_abbrev  0x0000000000005dda      0x11f BSP/\libhal_bsp.a(alt_lseek.o)
 .debug_abbrev  0x0000000000005ef9      0x1b4 BSP/\libhal_bsp.a(alt_malloc_lock.o)
 .debug_abbrev  0x00000000000060ad      0x12e BSP/\libhal_bsp.a(alt_read.o)
 .debug_abbrev  0x00000000000061db      0x119 BSP/\libhal_bsp.a(alt_sbrk.o)
 .debug_abbrev  0x00000000000062f4      0x133 BSP/\libhal_bsp.a(alt_write.o)

.debug_line     0x0000000000000000     0x7170
 *(.debug_line)
 .debug_line    0x0000000000000000       0x6c BSP//obj/HAL/src/crt0.o
 .debug_line    0x000000000000006c      0x152 obj/default/PS2_ISR.o
 .debug_line    0x00000000000001be      0x92f obj/default/PS2_interrupt.o
 .debug_line    0x0000000000000aed      0x11d obj/default/audio_ISR.o
 .debug_line    0x0000000000000c0a       0xfc obj/default/globals.o
 .debug_line    0x0000000000000d06      0x129 obj/default/interval_timer_ISR.o
 .debug_line    0x0000000000000e2f        0x0 obj/default/physics.o
 .debug_line    0x0000000000000e2f      0x146 BSP//newlib/nios2-elf/lib\libc.a(lib_a-memcpy.o)
 .debug_line    0x0000000000000f75      0x19a BSP//newlib/nios2-elf/lib\libc.a(lib_a-rand.o)
 .debug_line    0x000000000000110f      0x123 BSP//newlib/nios2-elf/lib\libc.a(lib_a-impure.o)
 .debug_line    0x0000000000001232      0x155 BSP/\libhal_bsp.a(alt_irq_register.o)
 .debug_line    0x0000000000001387       0x50 BSP/\libhal_bsp.a(alt_irq_vars.o)
 .debug_line    0x00000000000013d7       0x8e BSP/\libhal_bsp.a(alt_load.o)
 .debug_line    0x0000000000001465       0xd1 BSP/\libhal_bsp.a(alt_main.o)
 .debug_line    0x0000000000001536       0xe3 BSP/\libhal_bsp.a(alt_printf.o)
 .debug_line    0x0000000000001619      0x108 BSP/\libhal_bsp.a(alt_putchar.o)
 .debug_line    0x0000000000001721      0x2b4 BSP/\libhal_bsp.a(alt_sys_init.o)
 .debug_line    0x00000000000019d5      0x12f BSP/\libhal_bsp.a(altera_avalon_jtag_uart_fd.o)
 .debug_line    0x0000000000001b04      0x19f BSP/\libhal_bsp.a(altera_avalon_jtag_uart_init.o)
 .debug_line    0x0000000000001ca3      0x131 BSP/\libhal_bsp.a(altera_avalon_jtag_uart_ioctl.o)
 .debug_line    0x0000000000001dd4      0x185 BSP/\libhal_bsp.a(altera_avalon_jtag_uart_read.o)
 .debug_line    0x0000000000001f59      0x184 BSP/\libhal_bsp.a(altera_avalon_jtag_uart_write.o)
 .debug_line    0x00000000000020dd      0x113 BSP/\libhal_bsp.a(altera_avalon_timer_sc.o)
 .debug_line    0x00000000000021f0      0x1e4 BSP/\libhal_bsp.a(altera_up_avalon_audio.o)
 .debug_line    0x00000000000023d4      0x1a5 BSP/\libhal_bsp.a(altera_up_avalon_ps2.o)
 .debug_line    0x0000000000002579      0x559 BSP/\libhal_bsp.a(altera_up_avalon_video_dma_controller.o)
 .debug_line    0x0000000000002ad2      0x10d BSP/\libhal_bsp.a(alt_alarm_start.o)
 .debug_line    0x0000000000002bdf      0x159 BSP/\libhal_bsp.a(alt_close.o)
 .debug_line    0x0000000000002d38       0x51 BSP/\libhal_bsp.a(alt_dcache_flush_all.o)
 .debug_line    0x0000000000002d89       0xec BSP/\libhal_bsp.a(alt_dev.o)
 .debug_line    0x0000000000002e75       0xcf BSP/\libhal_bsp.a(alt_dev_llist_insert.o)
 .debug_line    0x0000000000002f44       0x59 BSP/\libhal_bsp.a(alt_do_ctors.o)
 .debug_line    0x0000000000002f9d       0x59 BSP/\libhal_bsp.a(alt_do_dtors.o)
 .debug_line    0x0000000000002ff6       0x51 BSP/\libhal_bsp.a(alt_errno.o)
 .debug_line    0x0000000000003047       0xb5 BSP/\libhal_bsp.a(alt_find_dev.o)
 .debug_line    0x00000000000030fc       0x50 BSP/\libhal_bsp.a(alt_icache_flush_all.o)
 .debug_line    0x000000000000314c      0x127 BSP/\libhal_bsp.a(alt_io_redirect.o)
 .debug_line    0x0000000000003273       0x6b BSP/\libhal_bsp.a(alt_irq_entry.o)
 .debug_line    0x00000000000032de       0xcd BSP/\libhal_bsp.a(alt_irq_handler.o)
 .debug_line    0x00000000000033ab      0x128 BSP/\libhal_bsp.a(alt_open.o)
 .debug_line    0x00000000000034d3       0xae BSP/\libhal_bsp.a(alt_release_fd.o)
 .debug_line    0x0000000000003581      0x113 BSP/\libhal_bsp.a(alt_tick.o)
 .debug_line    0x0000000000003694       0x8d BSP/\libhal_bsp.a(altera_nios2_gen2_irq.o)
 .debug_line    0x0000000000003721       0xb3 BSP/\libhal_bsp.a(alt_exception_entry.o)
 .debug_line    0x00000000000037d4       0xd1 BSP/\libhal_bsp.a(alt_find_file.o)
 .debug_line    0x00000000000038a5       0xd4 BSP/\libhal_bsp.a(alt_get_fd.o)
 .debug_line    0x0000000000003979       0x81 BSP/\libhal_bsp.a(alt_icache_flush.o)
 .debug_line    0x00000000000039fa       0xba BSP/\libhal_bsp.a(alt_instruction_exception_entry.o)
 .debug_line    0x0000000000003ab4       0xd1 BSP//newlib/nios2-elf/lib\libc.a(lib_a-atexit.o)
 .debug_line    0x0000000000003b85      0x182 BSP//newlib/nios2-elf/lib\libc.a(lib_a-exit.o)
 .debug_line    0x0000000000003d07       0x69 BSP//newlib/nios2-elf/lib\libc.a(lib_a-int_errno.o)
 .debug_line    0x0000000000003d70      0x140 BSP//newlib/nios2-elf/lib\libc.a(lib_a-memcmp.o)
 .debug_line    0x0000000000003eb0      0x214 BSP//newlib/nios2-elf/lib\libc.a(lib_a-putc.o)
 .debug_line    0x00000000000040c4      0x130 BSP//newlib/nios2-elf/lib\libc.a(lib_a-strlen.o)
 .debug_line    0x00000000000041f4      0x1d3 BSP//newlib/nios2-elf/lib\libc.a(lib_a-wbuf.o)
 .debug_line    0x00000000000043c7      0x1cd BSP//newlib/nios2-elf/lib\libc.a(lib_a-wsetup.o)
 .debug_line    0x0000000000004594      0x164 BSP//newlib/nios2-elf/lib\libc.a(lib_a-__atexit.o)
 .debug_line    0x00000000000046f8      0x1a4 BSP//newlib/nios2-elf/lib\libc.a(lib_a-__call_atexit.o)
 .debug_line    0x000000000000489c      0x253 BSP//newlib/nios2-elf/lib\libc.a(lib_a-fflush.o)